
  .   ____          _            __ _ _
 /\\ / ___'_ __ _ _(_)_ __  __ _ \ \ \ \
( ( )\___ | '_ | '_| | '_ \/ _` | \ \ \ \
 \\/  ___)| |_)| | | | | || (_| |  ) ) ) )
  '  |____| .__|_| |_|_| |_\__, | / / / /
 =========|_|==============|___/=/_/_/_/

 :: Spring Boot ::                (v3.3.5)

2026-08-28T06:32:42.310+05:30  INFO 12304 --- [shop-order-service] [           main] com.northwind.shop.ShopApplication       : Starting ShopApplication v1.4.0 using Java 22.0.2 with PID 12304 (D:\New folder\realistic projects bugs codes\01-ecommerce-order-management\target\shop-order-service-1.4.0.jar started by P.Abhiram in D:\New folder\realistic projects bugs codes\01-ecommerce-order-management)
2026-08-28T06:32:42.313+05:30 DEBUG 12304 --- [shop-order-service] [           main] com.northwind.shop.ShopApplication       : Running with Spring Boot v3.3.5, Spring v6.1.14
2026-08-28T06:32:42.325+05:30  INFO 12304 --- [shop-order-service] [           main] com.northwind.shop.ShopApplication       : The following 1 profile is active: "local"
2026-08-28T06:32:44.039+05:30  INFO 12304 --- [shop-order-service] [           main] .s.d.r.c.RepositoryConfigurationDelegate : Multiple Spring Data modules found, entering strict repository configuration mode
2026-08-28T06:32:44.039+05:30  INFO 12304 --- [shop-order-service] [           main] .s.d.r.c.RepositoryConfigurationDelegate : Bootstrapping Spring Data JPA repositories in DEFAULT mode.
2026-08-28T06:32:44.300+05:30  INFO 12304 --- [shop-order-service] [           main] .s.d.r.c.RepositoryConfigurationDelegate : Finished Spring Data repository scanning in 237 ms. Found 5 JPA repository interfaces.
2026-08-28T06:32:44.345+05:30  INFO 12304 --- [shop-order-service] [           main] .s.d.r.c.RepositoryConfigurationDelegate : Multiple Spring Data modules found, entering strict repository configuration mode
2026-08-28T06:32:44.354+05:30  INFO 12304 --- [shop-order-service] [           main] .s.d.r.c.RepositoryConfigurationDelegate : Bootstrapping Spring Data Redis repositories in DEFAULT mode.
2026-08-28T06:32:44.373+05:30  INFO 12304 --- [shop-order-service] [           main] .RepositoryConfigurationExtensionSupport : Spring Data Redis - Could not safely identify store assignment for repository candidate interface com.northwind.shop.repository.CategoryRepository; If you want this repository to be a Redis repository, consider annotating your entities with one of these annotations: org.springframework.data.redis.core.RedisHash (preferred), or consider extending one of the following types with your repository: org.springframework.data.keyvalue.repository.KeyValueRepository
2026-08-28T06:32:44.373+05:30  INFO 12304 --- [shop-order-service] [           main] .RepositoryConfigurationExtensionSupport : Spring Data Redis - Could not safely identify store assignment for repository candidate interface com.northwind.shop.repository.CustomerRepository; If you want this repository to be a Redis repository, consider annotating your entities with one of these annotations: org.springframework.data.redis.core.RedisHash (preferred), or consider extending one of the following types with your repository: org.springframework.data.keyvalue.repository.KeyValueRepository
2026-08-28T06:32:44.388+05:30  INFO 12304 --- [shop-order-service] [           main] .RepositoryConfigurationExtensionSupport : Spring Data Redis - Could not safely identify store assignment for repository candidate interface com.northwind.shop.repository.OrderRepository; If you want this repository to be a Redis repository, consider annotating your entities with one of these annotations: org.springframework.data.redis.core.RedisHash (preferred), or consider extending one of the following types with your repository: org.springframework.data.keyvalue.repository.KeyValueRepository
2026-08-28T06:32:44.388+05:30  INFO 12304 --- [shop-order-service] [           main] .RepositoryConfigurationExtensionSupport : Spring Data Redis - Could not safely identify store assignment for repository candidate interface com.northwind.shop.repository.ProductRepository; If you want this repository to be a Redis repository, consider annotating your entities with one of these annotations: org.springframework.data.redis.core.RedisHash (preferred), or consider extending one of the following types with your repository: org.springframework.data.keyvalue.repository.KeyValueRepository
2026-08-28T06:32:44.388+05:30  INFO 12304 --- [shop-order-service] [           main] .RepositoryConfigurationExtensionSupport : Spring Data Redis - Could not safely identify store assignment for repository candidate interface com.northwind.shop.repository.RoleRepository; If you want this repository to be a Redis repository, consider annotating your entities with one of these annotations: org.springframework.data.redis.core.RedisHash (preferred), or consider extending one of the following types with your repository: org.springframework.data.keyvalue.repository.KeyValueRepository
2026-08-28T06:32:44.388+05:30  INFO 12304 --- [shop-order-service] [           main] .s.d.r.c.RepositoryConfigurationDelegate : Finished Spring Data repository scanning in 9 ms. Found 0 Redis repository interfaces.
2026-08-28T06:32:45.821+05:30  INFO 12304 --- [shop-order-service] [           main] o.s.b.w.embedded.tomcat.TomcatWebServer  : Tomcat initialized with port 8080 (http)
2026-08-28T06:32:45.847+05:30  INFO 12304 --- [shop-order-service] [           main] o.apache.catalina.core.StandardService   : Starting service [Tomcat]
2026-08-28T06:32:45.847+05:30  INFO 12304 --- [shop-order-service] [           main] o.apache.catalina.core.StandardEngine    : Starting Servlet engine: [Apache Tomcat/10.1.31]
2026-08-28T06:32:45.906+05:30  INFO 12304 --- [shop-order-service] [           main] o.a.c.c.C.[Tomcat].[localhost].[/]       : Initializing Spring embedded WebApplicationContext
2026-08-28T06:32:45.906+05:30  INFO 12304 --- [shop-order-service] [           main] w.s.c.ServletWebServerApplicationContext : Root WebApplicationContext: initialization completed in 3508 ms
2026-08-28T06:32:46.796+05:30  INFO 12304 --- [shop-order-service] [           main] com.zaxxer.hikari.HikariDataSource       : shop-pool - Starting...
2026-08-28T06:32:47.149+05:30  INFO 12304 --- [shop-order-service] [           main] com.zaxxer.hikari.pool.HikariPool        : shop-pool - Added connection com.mysql.cj.jdbc.ConnectionImpl@1e23ee0e
2026-08-28T06:32:47.152+05:30  INFO 12304 --- [shop-order-service] [           main] com.zaxxer.hikari.HikariDataSource       : shop-pool - Start completed.
2026-08-28T06:32:48.056+05:30  INFO 12304 --- [shop-order-service] [           main] o.hibernate.jpa.internal.util.LogHelper  : HHH000204: Processing PersistenceUnitInfo [name: default]
2026-08-28T06:32:48.156+05:30  INFO 12304 --- [shop-order-service] [           main] org.hibernate.Version                    : HHH000412: Hibernate ORM core version 6.5.3.Final
2026-08-28T06:32:48.223+05:30  INFO 12304 --- [shop-order-service] [           main] o.h.c.internal.RegionFactoryInitiator    : HHH000026: Second-level cache disabled
2026-08-28T06:32:48.672+05:30  INFO 12304 --- [shop-order-service] [           main] o.s.o.j.p.SpringPersistenceUnitInfo      : No LoadTimeWeaver setup: ignoring JPA class transformer
2026-08-28T06:32:50.241+05:30  INFO 12304 --- [shop-order-service] [           main] o.h.e.t.j.p.i.JtaPlatformInitiator       : HHH000489: No JTA platform available (set 'hibernate.transaction.jta.platform' to enable JTA platform integration)
2026-08-28T06:32:50.241+05:30  INFO 12304 --- [shop-order-service] [           main] j.LocalContainerEntityManagerFactoryBean : Initialized JPA EntityManagerFactory for persistence unit 'default'
2026-08-28T06:32:50.824+05:30  INFO 12304 --- [shop-order-service] [           main] o.s.d.j.r.query.QueryEnhancerFactory     : Hibernate is in classpath; If applicable, HQL parser will be used.
2026-08-28T06:32:51.792+05:30  INFO 12304 --- [shop-order-service] [           main] r$InitializeUserDetailsManagerConfigurer : Global AuthenticationManager configured with UserDetailsService bean with name customerDetailsService
2026-08-28T06:32:52.543+05:30  INFO 12304 --- [shop-order-service] [           main] o.s.b.a.e.web.EndpointLinksResolver      : Exposing 3 endpoints beneath base path '/actuator'
2026-08-28T06:32:53.425+05:30  INFO 12304 --- [shop-order-service] [           main] o.s.b.w.embedded.tomcat.TomcatWebServer  : Tomcat started on port 8080 (http) with context path '/'
2026-08-28T06:32:53.444+05:30  INFO 12304 --- [shop-order-service] [           main] com.northwind.shop.ShopApplication       : Started ShopApplication in 11.99 seconds (process running for 12.862)
2026-08-28T06:32:53.524+05:30  INFO 12304 --- [shop-order-service] [nio-8080-exec-3] o.a.c.c.C.[Tomcat].[localhost].[/]       : Initializing Spring DispatcherServlet 'dispatcherServlet'
2026-08-28T06:32:53.524+05:30  INFO 12304 --- [shop-order-service] [nio-8080-exec-3] o.s.web.servlet.DispatcherServlet        : Initializing Servlet 'dispatcherServlet'
2026-08-28T06:32:53.524+05:30  INFO 12304 --- [shop-order-service] [nio-8080-exec-3] o.s.web.servlet.DispatcherServlet        : Completed initialization in 0 ms
2026-08-28T06:33:06.046+05:30 DEBUG 12304 --- [shop-order-service] [nio-8080-exec-5] org.hibernate.SQL                        : select p1_0.id,p1_0.active,p1_0.category_id,p1_0.created_at,p1_0.description,p1_0.name,p1_0.price,p1_0.sku,p1_0.stock_quantity from products p1_0 where p1_0.active=1 and (? is null or p1_0.category_id=?) and (? is null or lower(p1_0.name) like lower(concat('%',?,'%')) escape '') order by p1_0.name limit ?
2026-08-28T06:33:06.103+05:30 DEBUG 12304 --- [shop-order-service] [nio-8080-exec-5] org.hibernate.SQL                        : select count(p1_0.id) from products p1_0 where p1_0.active=1 and (? is null or p1_0.category_id=?) and (? is null or lower(p1_0.name) like lower(concat('%',?,'%')) escape '')
2026-08-28T06:33:06.118+05:30 DEBUG 12304 --- [shop-order-service] [nio-8080-exec-5] org.hibernate.SQL                        : select c1_0.id,c1_0.name,c1_0.slug from categories c1_0 where c1_0.id=?
2026-08-28T06:33:06.125+05:30 DEBUG 12304 --- [shop-order-service] [nio-8080-exec-5] org.hibernate.SQL                        : select c1_0.id,c1_0.name,c1_0.slug from categories c1_0 where c1_0.id=?
2026-08-28T06:33:06.129+05:30 DEBUG 12304 --- [shop-order-service] [nio-8080-exec-5] org.hibernate.SQL                        : select c1_0.id,c1_0.name,c1_0.slug from categories c1_0 where c1_0.id=?
2026-08-28T06:33:07.064+05:30 DEBUG 12304 --- [shop-order-service] [nio-8080-exec-7] org.hibernate.SQL                        : select c1_0.id,c1_0.created_at,c1_0.email,c1_0.full_name,c1_0.password_hash,c1_0.phone,c1_0.status from customers c1_0 where c1_0.email=?
2026-08-28T06:33:07.081+05:30 DEBUG 12304 --- [shop-order-service] [nio-8080-exec-7] org.hibernate.SQL                        : select r1_0.customer_id,r1_1.id,r1_1.name from customer_roles r1_0 join roles r1_1 on r1_1.id=r1_0.role_id where r1_0.customer_id=?
2026-08-28T06:33:07.365+05:30 DEBUG 12304 --- [shop-order-service] [nio-8080-exec-7] org.hibernate.SQL                        : select p1_0.id,p1_0.active,p1_0.category_id,p1_0.created_at,p1_0.description,p1_0.name,p1_0.price,p1_0.sku,p1_0.stock_quantity from products p1_0 where p1_0.id=?
2026-08-28T06:33:07.439+05:30 DEBUG 12304 --- [shop-order-service] [nio-8080-exec-7] com.northwind.shop.service.CartService   : Customer 1 added 2 x NW-AUD-2201 to cart
2026-08-28T06:33:07.481+05:30 DEBUG 12304 --- [shop-order-service] [nio-8080-exec-7] org.hibernate.SQL                        : select p1_0.id,p1_0.active,p1_0.category_id,p1_0.created_at,p1_0.description,p1_0.name,p1_0.price,p1_0.sku,p1_0.stock_quantity from products p1_0 where p1_0.id in (?) and p1_0.active
2026-08-28T06:33:15.699+05:30 DEBUG 12304 --- [shop-order-service] [nio-8080-exec-8] org.hibernate.SQL                        : select c1_0.id,c1_0.created_at,c1_0.email,c1_0.full_name,c1_0.password_hash,c1_0.phone,c1_0.status from customers c1_0 where c1_0.email=?
2026-08-28T06:33:15.703+05:30 DEBUG 12304 --- [shop-order-service] [nio-8080-exec-8] org.hibernate.SQL                        : select r1_0.customer_id,r1_1.id,r1_1.name from customer_roles r1_0 join roles r1_1 on r1_1.id=r1_0.role_id where r1_0.customer_id=?
2026-08-28T06:33:15.907+05:30 DEBUG 12304 --- [shop-order-service] [nio-8080-exec-8] org.hibernate.SQL                        : select c1_0.id,c1_0.created_at,c1_0.email,c1_0.full_name,c1_0.password_hash,c1_0.phone,r1_0.customer_id,r1_1.id,r1_1.name,c1_0.status from customers c1_0 left join customer_roles r1_0 on c1_0.id=r1_0.customer_id left join roles r1_1 on r1_1.id=r1_0.role_id where c1_0.id=?
2026-08-28T06:33:15.925+05:30 DEBUG 12304 --- [shop-order-service] [nio-8080-exec-8] org.hibernate.SQL                        : select o1_0.id from orders o1_0 where o1_0.order_number=? limit ?
2026-08-28T06:33:15.940+05:30 DEBUG 12304 --- [shop-order-service] [nio-8080-exec-8] org.hibernate.SQL                        : select p1_0.id,p1_0.active,p1_0.category_id,p1_0.created_at,p1_0.description,p1_0.name,p1_0.price,p1_0.sku,p1_0.stock_quantity from products p1_0 where p1_0.id=?
2026-08-28T06:33:15.985+05:30 DEBUG 12304 --- [shop-order-service] [nio-8080-exec-8] org.hibernate.SQL                        : insert into orders (created_at,customer_id,order_number,shipping_address,shipping_fee,status,subtotal,total_amount,updated_at) values (?,?,?,?,?,?,?,?,?)
2026-08-28T06:33:16.031+05:30 DEBUG 12304 --- [shop-order-service] [nio-8080-exec-8] org.hibernate.SQL                        : insert into order_items (line_total,order_id,product_id,product_name,quantity,unit_price) values (?,?,?,?,?,?)
2026-08-28T06:33:16.110+05:30  INFO 12304 --- [shop-order-service] [nio-8080-exec-8] c.northwind.shop.service.OrderService    : Order ORD-20260828-885730 placed for customer 1 with 1 line(s), total 558.00
2026-08-28T06:33:16.882+05:30 DEBUG 12304 --- [shop-order-service] [io-8080-exec-10] org.hibernate.SQL                        : select c1_0.id,c1_0.created_at,c1_0.email,c1_0.full_name,c1_0.password_hash,c1_0.phone,c1_0.status from customers c1_0 where c1_0.email=?
2026-08-28T06:33:16.889+05:30 DEBUG 12304 --- [shop-order-service] [io-8080-exec-10] org.hibernate.SQL                        : select r1_0.customer_id,r1_1.id,r1_1.name from customer_roles r1_0 join roles r1_1 on r1_1.id=r1_0.role_id where r1_0.customer_id=?
2026-08-28T06:33:17.002+05:30 DEBUG 12304 --- [shop-order-service] [io-8080-exec-10] org.hibernate.SQL                        : select p1_0.id,p1_0.active,p1_0.category_id,p1_0.created_at,p1_0.description,p1_0.name,p1_0.price,p1_0.sku,p1_0.stock_quantity from products p1_0 where p1_0.id in (?) and p1_0.active
2026-08-28T06:33:26.358+05:30 DEBUG 12304 --- [shop-order-service] [nio-8080-exec-2] org.hibernate.SQL                        : select c1_0.id,c1_0.created_at,c1_0.email,c1_0.full_name,c1_0.password_hash,c1_0.phone,c1_0.status from customers c1_0 where c1_0.email=?
2026-08-28T06:33:26.364+05:30 DEBUG 12304 --- [shop-order-service] [nio-8080-exec-2] org.hibernate.SQL                        : select r1_0.customer_id,r1_1.id,r1_1.name from customer_roles r1_0 join roles r1_1 on r1_1.id=r1_0.role_id where r1_0.customer_id=?
2026-08-28T06:33:26.522+05:30 DEBUG 12304 --- [shop-order-service] [nio-8080-exec-2] org.hibernate.SQL                        : select p1_0.id,p1_0.active,p1_0.category_id,p1_0.created_at,p1_0.description,p1_0.name,p1_0.price,p1_0.sku,p1_0.stock_quantity from products p1_0 where p1_0.id=?
2026-08-28T06:33:26.543+05:30 DEBUG 12304 --- [shop-order-service] [nio-8080-exec-2] com.northwind.shop.service.CartService   : Customer 1 added -5 x NW-ACC-3102 to cart
2026-08-28T06:33:26.551+05:30 DEBUG 12304 --- [shop-order-service] [nio-8080-exec-2] org.hibernate.SQL                        : select p1_0.id,p1_0.active,p1_0.category_id,p1_0.created_at,p1_0.description,p1_0.name,p1_0.price,p1_0.sku,p1_0.stock_quantity from products p1_0 where p1_0.id in (?,?) and p1_0.active
2026-08-28T06:33:26.702+05:30 DEBUG 12304 --- [shop-order-service] [nio-8080-exec-4] org.hibernate.SQL                        : select c1_0.id,c1_0.created_at,c1_0.email,c1_0.full_name,c1_0.password_hash,c1_0.phone,c1_0.status from customers c1_0 where c1_0.email=?
2026-08-28T06:33:26.709+05:30 DEBUG 12304 --- [shop-order-service] [nio-8080-exec-4] org.hibernate.SQL                        : select r1_0.customer_id,r1_1.id,r1_1.name from customer_roles r1_0 join roles r1_1 on r1_1.id=r1_0.role_id where r1_0.customer_id=?
2026-08-28T06:33:27.068+05:30 DEBUG 12304 --- [shop-order-service] [nio-8080-exec-5] org.hibernate.SQL                        : select c1_0.id,c1_0.created_at,c1_0.email,c1_0.full_name,c1_0.password_hash,c1_0.phone,c1_0.status from customers c1_0 where c1_0.email=?
2026-08-28T06:33:27.074+05:30 DEBUG 12304 --- [shop-order-service] [nio-8080-exec-5] org.hibernate.SQL                        : select r1_0.customer_id,r1_1.id,r1_1.name from customer_roles r1_0 join roles r1_1 on r1_1.id=r1_0.role_id where r1_0.customer_id=?
2026-08-28T06:33:27.199+05:30 DEBUG 12304 --- [shop-order-service] [nio-8080-exec-5] org.hibernate.SQL                        : select o1_0.id,o1_0.created_at,o1_0.customer_id,o1_0.order_number,o1_0.shipping_address,o1_0.shipping_fee,o1_0.status,o1_0.subtotal,o1_0.total_amount,o1_0.updated_at from orders o1_0 where o1_0.id=?
2026-08-28T06:33:27.223+05:30 DEBUG 12304 --- [shop-order-service] [nio-8080-exec-5] org.hibernate.SQL                        : select i1_0.order_id,i1_0.id,i1_0.line_total,i1_0.product_id,i1_0.product_name,i1_0.quantity,i1_0.unit_price from order_items i1_0 where i1_0.order_id=?
2026-08-28T06:33:40.092+05:30 DEBUG 12304 --- [shop-order-service] [nio-8080-exec-7] org.hibernate.SQL                        : select p1_0.id,p1_0.active,p1_0.category_id,p1_0.created_at,p1_0.description,p1_0.name,p1_0.price,p1_0.sku,p1_0.stock_quantity from products p1_0 where p1_0.id=?
2026-08-28T06:33:40.098+05:30 DEBUG 12304 --- [shop-order-service] [nio-8080-exec-7] org.hibernate.SQL                        : select c1_0.id,c1_0.name,c1_0.slug from categories c1_0 where c1_0.id=?
2026-08-28T06:33:40.870+05:30 DEBUG 12304 --- [shop-order-service] [nio-8080-exec-9] org.hibernate.SQL                        : select c1_0.id,c1_0.created_at,c1_0.email,c1_0.full_name,c1_0.password_hash,c1_0.phone,c1_0.status from customers c1_0 where c1_0.email=?
2026-08-28T06:33:40.875+05:30 DEBUG 12304 --- [shop-order-service] [nio-8080-exec-9] org.hibernate.SQL                        : select r1_0.customer_id,r1_1.id,r1_1.name from customer_roles r1_0 join roles r1_1 on r1_1.id=r1_0.role_id where r1_0.customer_id=?
2026-08-28T06:33:41.048+05:30 DEBUG 12304 --- [shop-order-service] [nio-8080-exec-9] org.hibernate.SQL                        : select p1_0.id,p1_0.active,p1_0.category_id,p1_0.created_at,p1_0.description,p1_0.name,p1_0.price,p1_0.sku,p1_0.stock_quantity from products p1_0 where p1_0.id=?
2026-08-28T06:33:41.060+05:30  INFO 12304 --- [shop-order-service] [nio-8080-exec-9] c.northwind.shop.service.ProductService  : Product NW-AUD-2201 updated by back office, price is now 249.00
2026-08-28T06:33:41.061+05:30 DEBUG 12304 --- [shop-order-service] [nio-8080-exec-9] org.hibernate.SQL                        : select c1_0.id,c1_0.name,c1_0.slug from categories c1_0 where c1_0.id=?
2026-08-28T06:33:41.077+05:30 DEBUG 12304 --- [shop-order-service] [nio-8080-exec-9] org.hibernate.SQL                        : update products set active=?,category_id=?,description=?,name=?,price=?,sku=?,stock_quantity=? where id=?
2026-08-28T06:33:42.034+05:30 DEBUG 12304 --- [shop-order-service] [nio-8080-exec-1] org.hibernate.SQL                        : select p1_0.id,p1_0.active,p1_0.category_id,p1_0.created_at,p1_0.description,p1_0.name,p1_0.price,p1_0.sku,p1_0.stock_quantity from products p1_0 where p1_0.active=1 and (? is null or p1_0.category_id=?) and (? is null or lower(p1_0.name) like lower(concat('%',?,'%')) escape '') order by p1_0.name limit ?
2026-08-28T06:33:42.038+05:30 DEBUG 12304 --- [shop-order-service] [nio-8080-exec-1] org.hibernate.SQL                        : select c1_0.id,c1_0.name,c1_0.slug from categories c1_0 where c1_0.id=?
2026-08-28T06:34:00.415+05:30 DEBUG 12304 --- [shop-order-service] [nio-8080-exec-5] org.hibernate.SQL                        : select c1_0.id from customers c1_0 where c1_0.email=? limit ?
2026-08-28T06:34:00.423+05:30 DEBUG 12304 --- [shop-order-service] [nio-8080-exec-5] org.hibernate.SQL                        : select r1_0.id,r1_0.name from roles r1_0 where r1_0.name=?
2026-08-28T06:34:00.555+05:30 DEBUG 12304 --- [shop-order-service] [nio-8080-exec-5] org.hibernate.SQL                        : insert into customers (created_at,email,full_name,password_hash,phone,status) values (?,?,?,?,?,?)
2026-08-28T06:34:00.563+05:30  INFO 12304 --- [shop-order-service] [nio-8080-exec-5] c.n.shop.service.CustomerService         : Registered customer 10 (nadia.khan@example.com)
2026-08-28T06:34:00.567+05:30 DEBUG 12304 --- [shop-order-service] [nio-8080-exec-5] org.hibernate.SQL                        : insert into customer_roles (customer_id,role_id) values (?,?)
2026-08-28T06:34:00.741+05:30 DEBUG 12304 --- [shop-order-service] [nio-8080-exec-7] org.hibernate.SQL                        : select c1_0.id from customers c1_0 where c1_0.email=? limit ?
2026-08-28T06:34:00.993+05:30 DEBUG 12304 --- [shop-order-service] [io-8080-exec-10] org.hibernate.SQL                        : select c1_0.id,c1_0.created_at,c1_0.email,c1_0.full_name,c1_0.password_hash,c1_0.phone,c1_0.status from customers c1_0 where c1_0.email=?
2026-08-28T06:34:00.997+05:30 DEBUG 12304 --- [shop-order-service] [io-8080-exec-10] org.hibernate.SQL                        : select r1_0.customer_id,r1_1.id,r1_1.name from customer_roles r1_0 join roles r1_1 on r1_1.id=r1_0.role_id where r1_0.customer_id=?
2026-08-28T06:34:01.145+05:30 DEBUG 12304 --- [shop-order-service] [io-8080-exec-10] org.hibernate.SQL                        : select c1_0.id,c1_0.created_at,c1_0.email,c1_0.full_name,c1_0.password_hash,c1_0.phone,c1_0.status from customers c1_0 where c1_0.email=?
2026-08-28T06:34:01.149+05:30 DEBUG 12304 --- [shop-order-service] [io-8080-exec-10] org.hibernate.SQL                        : select r1_0.customer_id,r1_1.id,r1_1.name from customer_roles r1_0 join roles r1_1 on r1_1.id=r1_0.role_id where r1_0.customer_id=?
2026-08-28T06:34:01.284+05:30 DEBUG 12304 --- [shop-order-service] [nio-8080-exec-2] org.hibernate.SQL                        : select c1_0.id,c1_0.created_at,c1_0.email,c1_0.full_name,c1_0.password_hash,c1_0.phone,c1_0.status from customers c1_0 where c1_0.email=?
2026-08-28T06:34:01.291+05:30 DEBUG 12304 --- [shop-order-service] [nio-8080-exec-2] org.hibernate.SQL                        : select r1_0.customer_id,r1_1.id,r1_1.name from customer_roles r1_0 join roles r1_1 on r1_1.id=r1_0.role_id where r1_0.customer_id=?
2026-08-28T06:34:01.543+05:30 DEBUG 12304 --- [shop-order-service] [nio-8080-exec-1] org.hibernate.SQL                        : select c1_0.id,c1_0.created_at,c1_0.email,c1_0.full_name,c1_0.password_hash,c1_0.phone,c1_0.status from customers c1_0 where c1_0.email=?
2026-08-28T06:34:01.549+05:30 DEBUG 12304 --- [shop-order-service] [nio-8080-exec-1] org.hibernate.SQL                        : select r1_0.customer_id,r1_1.id,r1_1.name from customer_roles r1_0 join roles r1_1 on r1_1.id=r1_0.role_id where r1_0.customer_id=?
2026-08-28T06:34:01.674+05:30 DEBUG 12304 --- [shop-order-service] [nio-8080-exec-5] org.hibernate.SQL                        : select c1_0.id,c1_0.created_at,c1_0.email,c1_0.full_name,c1_0.password_hash,c1_0.phone,c1_0.status from customers c1_0 where c1_0.email=?
2026-08-28T06:34:01.679+05:30 DEBUG 12304 --- [shop-order-service] [nio-8080-exec-5] org.hibernate.SQL                        : select r1_0.customer_id,r1_1.id,r1_1.name from customer_roles r1_0 join roles r1_1 on r1_1.id=r1_0.role_id where r1_0.customer_id=?
2026-08-28T06:34:02.116+05:30 DEBUG 12304 --- [shop-order-service] [nio-8080-exec-8] org.hibernate.SQL                        : select p1_0.id,p1_0.active,p1_0.category_id,p1_0.created_at,p1_0.description,p1_0.name,p1_0.price,p1_0.sku,p1_0.stock_quantity from products p1_0 where p1_0.id=?
2026-08-28T06:34:02.258+05:30 DEBUG 12304 --- [shop-order-service] [io-8080-exec-10] org.hibernate.SQL                        : select p1_0.id,p1_0.active,p1_0.category_id,p1_0.created_at,p1_0.description,p1_0.name,p1_0.price,p1_0.sku,p1_0.stock_quantity from products p1_0 where p1_0.id=?
2026-08-28T06:34:02.387+05:30 DEBUG 12304 --- [shop-order-service] [nio-8080-exec-2] org.hibernate.SQL                        : select c1_0.id,c1_0.created_at,c1_0.email,c1_0.full_name,c1_0.password_hash,c1_0.phone,c1_0.status from customers c1_0 where c1_0.email=?
2026-08-28T06:34:02.392+05:30 DEBUG 12304 --- [shop-order-service] [nio-8080-exec-2] org.hibernate.SQL                        : select r1_0.customer_id,r1_1.id,r1_1.name from customer_roles r1_0 join roles r1_1 on r1_1.id=r1_0.role_id where r1_0.customer_id=?
2026-08-28T06:34:02.574+05:30 DEBUG 12304 --- [shop-order-service] [nio-8080-exec-2] org.hibernate.SQL                        : select o1_0.id,o1_0.created_at,o1_0.customer_id,o1_0.order_number,o1_0.shipping_address,o1_0.shipping_fee,o1_0.status,o1_0.subtotal,o1_0.total_amount,o1_0.updated_at from orders o1_0 where o1_0.customer_id=? order by o1_0.created_at desc limit ?
2026-08-28T06:34:12.592+05:30 DEBUG 12304 --- [shop-order-service] [nio-8080-exec-4] org.hibernate.SQL                        : select c1_0.id,c1_0.created_at,c1_0.email,c1_0.full_name,c1_0.password_hash,c1_0.phone,c1_0.status from customers c1_0 where c1_0.email=?
2026-08-28T06:34:12.598+05:30 DEBUG 12304 --- [shop-order-service] [nio-8080-exec-4] org.hibernate.SQL                        : select r1_0.customer_id,r1_1.id,r1_1.name from customer_roles r1_0 join roles r1_1 on r1_1.id=r1_0.role_id where r1_0.customer_id=?
2026-08-28T06:34:12.769+05:30 DEBUG 12304 --- [shop-order-service] [nio-8080-exec-4] org.hibernate.SQL                        : select p1_0.id,p1_0.active,p1_0.category_id,p1_0.created_at,p1_0.description,p1_0.name,p1_0.price,p1_0.sku,p1_0.stock_quantity from products p1_0 where p1_0.id=?
2026-08-28T06:34:12.788+05:30 DEBUG 12304 --- [shop-order-service] [nio-8080-exec-4] com.northwind.shop.service.CartService   : Customer 3 added 20 x NW-DIS-4102 to cart
2026-08-28T06:34:12.795+05:30 DEBUG 12304 --- [shop-order-service] [nio-8080-exec-4] org.hibernate.SQL                        : select p1_0.id,p1_0.active,p1_0.category_id,p1_0.created_at,p1_0.description,p1_0.name,p1_0.price,p1_0.sku,p1_0.stock_quantity from products p1_0 where p1_0.id in (?) and p1_0.active
2026-08-28T06:34:12.917+05:30 DEBUG 12304 --- [shop-order-service] [nio-8080-exec-6] org.hibernate.SQL                        : select c1_0.id,c1_0.created_at,c1_0.email,c1_0.full_name,c1_0.password_hash,c1_0.phone,c1_0.status from customers c1_0 where c1_0.email=?
2026-08-28T06:34:12.922+05:30 DEBUG 12304 --- [shop-order-service] [nio-8080-exec-6] org.hibernate.SQL                        : select r1_0.customer_id,r1_1.id,r1_1.name from customer_roles r1_0 join roles r1_1 on r1_1.id=r1_0.role_id where r1_0.customer_id=?
2026-08-28T06:34:13.065+05:30 DEBUG 12304 --- [shop-order-service] [nio-8080-exec-6] org.hibernate.SQL                        : select c1_0.id,c1_0.created_at,c1_0.email,c1_0.full_name,c1_0.password_hash,c1_0.phone,r1_0.customer_id,r1_1.id,r1_1.name,c1_0.status from customers c1_0 left join customer_roles r1_0 on c1_0.id=r1_0.customer_id left join roles r1_1 on r1_1.id=r1_0.role_id where c1_0.id=?
2026-08-28T06:34:13.082+05:30 DEBUG 12304 --- [shop-order-service] [nio-8080-exec-6] org.hibernate.SQL                        : select o1_0.id from orders o1_0 where o1_0.order_number=? limit ?
2026-08-28T06:34:13.092+05:30 DEBUG 12304 --- [shop-order-service] [nio-8080-exec-6] org.hibernate.SQL                        : select p1_0.id,p1_0.active,p1_0.category_id,p1_0.created_at,p1_0.description,p1_0.name,p1_0.price,p1_0.sku,p1_0.stock_quantity from products p1_0 where p1_0.id=?
2026-08-28T06:34:13.219+05:30 DEBUG 12304 --- [shop-order-service] [nio-8080-exec-8] org.hibernate.SQL                        : select c1_0.id,c1_0.created_at,c1_0.email,c1_0.full_name,c1_0.password_hash,c1_0.phone,c1_0.status from customers c1_0 where c1_0.email=?
2026-08-28T06:34:13.223+05:30 DEBUG 12304 --- [shop-order-service] [nio-8080-exec-8] org.hibernate.SQL                        : select r1_0.customer_id,r1_1.id,r1_1.name from customer_roles r1_0 join roles r1_1 on r1_1.id=r1_0.role_id where r1_0.customer_id=?
2026-08-28T06:34:13.371+05:30 DEBUG 12304 --- [shop-order-service] [nio-8080-exec-8] org.hibernate.SQL                        : select c1_0.id,c1_0.created_at,c1_0.email,c1_0.full_name,c1_0.password_hash,c1_0.phone,r1_0.customer_id,r1_1.id,r1_1.name,c1_0.status from customers c1_0 left join customer_roles r1_0 on c1_0.id=r1_0.customer_id left join roles r1_1 on r1_1.id=r1_0.role_id where c1_0.id=?
