
  .   ____          _            __ _ _
 /\\ / ___'_ __ _ _(_)_ __  __ _ \ \ \ \
( ( )\___ | '_ | '_| | '_ \/ _` | \ \ \ \
 \\/  ___)| |_)| | | | | || (_| |  ) ) ) )
  '  |____| .__|_| |_|_| |_\__, | / / / /
 =========|_|==============|___/=/_/_/_/

 :: Spring Boot ::                (v3.3.5)

2026-09-23T21:42:05.246+05:30  INFO 23880 --- [job-portal-service] [           main] com.hirestack.portal.PortalApplication   : Starting PortalApplication v7.1.4 using Java 22.0.2 with PID 23880 (D:\New folder\realistic projects bugs codes\07-job-portal\target\job-portal-service-7.1.4.jar started by P.Abhiram in D:\New folder\realistic projects bugs codes\07-job-portal)
2026-09-23T21:42:05.249+05:30 DEBUG 23880 --- [job-portal-service] [           main] com.hirestack.portal.PortalApplication   : Running with Spring Boot v3.3.5, Spring v6.1.14
2026-09-23T21:42:05.251+05:30  INFO 23880 --- [job-portal-service] [           main] com.hirestack.portal.PortalApplication   : The following 1 profile is active: "local"
2026-09-23T21:42:07.317+05:30  INFO 23880 --- [job-portal-service] [           main] .s.d.r.c.RepositoryConfigurationDelegate : Bootstrapping Spring Data JPA repositories in DEFAULT mode.
2026-09-23T21:42:07.553+05:30  INFO 23880 --- [job-portal-service] [           main] .s.d.r.c.RepositoryConfigurationDelegate : Finished Spring Data repository scanning in 214 ms. Found 5 JPA repository interfaces.
2026-09-23T21:42:10.600+05:30  INFO 23880 --- [job-portal-service] [           main] o.s.b.w.embedded.tomcat.TomcatWebServer  : Tomcat initialized with port 8080 (http)
2026-09-23T21:42:10.629+05:30  INFO 23880 --- [job-portal-service] [           main] o.apache.catalina.core.StandardService   : Starting service [Tomcat]
2026-09-23T21:42:10.630+05:30  INFO 23880 --- [job-portal-service] [           main] o.apache.catalina.core.StandardEngine    : Starting Servlet engine: [Apache Tomcat/10.1.31]
2026-09-23T21:42:10.722+05:30  INFO 23880 --- [job-portal-service] [           main] o.a.c.c.C.[Tomcat].[localhost].[/]       : Initializing Spring embedded WebApplicationContext
2026-09-23T21:42:10.726+05:30  INFO 23880 --- [job-portal-service] [           main] w.s.c.ServletWebServerApplicationContext : Root WebApplicationContext: initialization completed in 5356 ms
2026-09-23T21:42:11.854+05:30  INFO 23880 --- [job-portal-service] [           main] com.zaxxer.hikari.HikariDataSource       : hirestack-pool - Starting...
2026-09-23T21:42:12.445+05:30  INFO 23880 --- [job-portal-service] [           main] com.zaxxer.hikari.pool.HikariPool        : hirestack-pool - Added connection com.mysql.cj.jdbc.ConnectionImpl@3ad847f8
2026-09-23T21:42:12.449+05:30  INFO 23880 --- [job-portal-service] [           main] com.zaxxer.hikari.HikariDataSource       : hirestack-pool - Start completed.
2026-09-23T21:42:13.373+05:30  INFO 23880 --- [job-portal-service] [           main] o.hibernate.jpa.internal.util.LogHelper  : HHH000204: Processing PersistenceUnitInfo [name: default]
2026-09-23T21:42:13.512+05:30  INFO 23880 --- [job-portal-service] [           main] org.hibernate.Version                    : HHH000412: Hibernate ORM core version 6.5.3.Final
2026-09-23T21:42:13.579+05:30  INFO 23880 --- [job-portal-service] [           main] o.h.c.internal.RegionFactoryInitiator    : HHH000026: Second-level cache disabled
2026-09-23T21:42:14.264+05:30  INFO 23880 --- [job-portal-service] [           main] o.s.o.j.p.SpringPersistenceUnitInfo      : No LoadTimeWeaver setup: ignoring JPA class transformer
2026-09-23T21:42:16.855+05:30  INFO 23880 --- [job-portal-service] [           main] o.h.e.t.j.p.i.JtaPlatformInitiator       : HHH000489: No JTA platform available (set 'hibernate.transaction.jta.platform' to enable JTA platform integration)
2026-09-23T21:42:16.865+05:30  INFO 23880 --- [job-portal-service] [           main] j.LocalContainerEntityManagerFactoryBean : Initialized JPA EntityManagerFactory for persistence unit 'default'
2026-09-23T21:42:19.042+05:30  INFO 23880 --- [job-portal-service] [           main] r$InitializeUserDetailsManagerConfigurer : Global AuthenticationManager configured with UserDetailsService bean with name portalUserDetailsService
2026-09-23T21:42:20.663+05:30  INFO 23880 --- [job-portal-service] [           main] o.s.b.a.e.web.EndpointLinksResolver      : Exposing 2 endpoints beneath base path '/actuator'
2026-09-23T21:42:22.034+05:30  INFO 23880 --- [job-portal-service] [           main] o.s.b.w.embedded.tomcat.TomcatWebServer  : Tomcat started on port 8080 (http) with context path '/'
2026-09-23T21:42:22.103+05:30  INFO 23880 --- [job-portal-service] [           main] com.hirestack.portal.PortalApplication   : Started PortalApplication in 17.619 seconds (process running for 18.321)
2026-09-23T21:42:22.218+05:30  INFO 23880 --- [job-portal-service] [nio-8080-exec-1] o.a.c.c.C.[Tomcat].[localhost].[/]       : Initializing Spring DispatcherServlet 'dispatcherServlet'
2026-09-23T21:42:22.219+05:30  INFO 23880 --- [job-portal-service] [nio-8080-exec-1] o.s.web.servlet.DispatcherServlet        : Initializing Servlet 'dispatcherServlet'
2026-09-23T21:42:22.221+05:30  INFO 23880 --- [job-portal-service] [nio-8080-exec-1] o.s.web.servlet.DispatcherServlet        : Completed initialization in 2 ms
2026-09-23T21:42:33.765+05:30 DEBUG 23880 --- [job-portal-service] [nio-8080-exec-4] org.hibernate.SQL                        : select jp1_0.id,jp1_0.closes_on,jp1_0.company_id,jp1_0.created_at,jp1_0.description,jp1_0.employment_type,jp1_0.location,jp1_0.max_salary,jp1_0.min_experience,jp1_0.min_salary,jp1_0.posted_by_id,jp1_0.reference,jp1_0.remote,jp1_0.status,jp1_0.title from job_postings jp1_0 where jp1_0.remote=? order by jp1_0.created_at desc limit ?,?
2026-09-23T21:42:33.839+05:30 DEBUG 23880 --- [job-portal-service] [nio-8080-exec-4] c.hirestack.portal.service.JobService    : Job search matched 6 posting(s)
2026-09-23T21:42:33.848+05:30 DEBUG 23880 --- [job-portal-service] [nio-8080-exec-4] org.hibernate.SQL                        : select c1_0.id,c1_0.city,c1_0.industry,c1_0.name,c1_0.slug,c1_0.verified from companies c1_0 where c1_0.id=?
2026-09-23T21:42:33.860+05:30 DEBUG 23880 --- [job-portal-service] [nio-8080-exec-4] org.hibernate.SQL                        : select c1_0.id,c1_0.city,c1_0.industry,c1_0.name,c1_0.slug,c1_0.verified from companies c1_0 where c1_0.id=?
2026-09-23T21:42:33.865+05:30 DEBUG 23880 --- [job-portal-service] [nio-8080-exec-4] org.hibernate.SQL                        : select c1_0.id,c1_0.city,c1_0.industry,c1_0.name,c1_0.slug,c1_0.verified from companies c1_0 where c1_0.id=?
2026-09-23T21:42:34.100+05:30 DEBUG 23880 --- [job-portal-service] [nio-8080-exec-6] org.hibernate.SQL                        : select jp1_0.id,jp1_0.closes_on,jp1_0.company_id,jp1_0.created_at,jp1_0.description,jp1_0.employment_type,jp1_0.location,jp1_0.max_salary,jp1_0.min_experience,jp1_0.min_salary,jp1_0.posted_by_id,jp1_0.reference,jp1_0.remote,jp1_0.status,jp1_0.title from job_postings jp1_0 where jp1_0.remote=? order by jp1_0.created_at desc limit ?,?
2026-09-23T21:42:34.107+05:30 DEBUG 23880 --- [job-portal-service] [nio-8080-exec-6] c.hirestack.portal.service.JobService    : Job search matched 3 posting(s)
2026-09-23T21:42:34.108+05:30 DEBUG 23880 --- [job-portal-service] [nio-8080-exec-6] org.hibernate.SQL                        : select c1_0.id,c1_0.city,c1_0.industry,c1_0.name,c1_0.slug,c1_0.verified from companies c1_0 where c1_0.id=?
2026-09-23T21:42:34.113+05:30 DEBUG 23880 --- [job-portal-service] [nio-8080-exec-6] org.hibernate.SQL                        : select c1_0.id,c1_0.city,c1_0.industry,c1_0.name,c1_0.slug,c1_0.verified from companies c1_0 where c1_0.id=?
2026-09-23T21:42:34.117+05:30 DEBUG 23880 --- [job-portal-service] [nio-8080-exec-6] org.hibernate.SQL                        : select c1_0.id,c1_0.city,c1_0.industry,c1_0.name,c1_0.slug,c1_0.verified from companies c1_0 where c1_0.id=?
2026-09-23T21:42:53.857+05:30 DEBUG 23880 --- [job-portal-service] [nio-8080-exec-7] org.hibernate.SQL                        : select au1_0.id,au1_0.candidate_id,au1_0.company_id,au1_0.email,au1_0.enabled,au1_0.password_hash,au1_0.role_name from users au1_0 where au1_0.email=?
2026-09-23T21:42:54.027+05:30 DEBUG 23880 --- [job-portal-service] [nio-8080-exec-7] org.hibernate.SQL                        : select jp1_0.id,jp1_0.closes_on,jp1_0.company_id,jp1_0.created_at,jp1_0.description,jp1_0.employment_type,jp1_0.location,jp1_0.max_salary,jp1_0.min_experience,jp1_0.min_salary,jp1_0.posted_by_id,jp1_0.reference,jp1_0.remote,jp1_0.status,jp1_0.title from job_postings jp1_0 where jp1_0.posted_by_id=? order by jp1_0.created_at desc limit ?
2026-09-23T21:42:54.040+05:30 DEBUG 23880 --- [job-portal-service] [nio-8080-exec-7] org.hibernate.SQL                        : select c1_0.id,c1_0.city,c1_0.industry,c1_0.name,c1_0.slug,c1_0.verified from companies c1_0 where c1_0.id=?
2026-09-23T21:42:54.184+05:30 DEBUG 23880 --- [job-portal-service] [nio-8080-exec-9] org.hibernate.SQL                        : select au1_0.id,au1_0.candidate_id,au1_0.company_id,au1_0.email,au1_0.enabled,au1_0.password_hash,au1_0.role_name from users au1_0 where au1_0.email=?
2026-09-23T21:42:54.326+05:30 DEBUG 23880 --- [job-portal-service] [nio-8080-exec-9] org.hibernate.SQL                        : select jp1_0.id,jp1_0.closes_on,jp1_0.company_id,jp1_0.created_at,jp1_0.description,jp1_0.employment_type,jp1_0.location,jp1_0.max_salary,jp1_0.min_experience,jp1_0.min_salary,jp1_0.posted_by_id,jp1_0.reference,jp1_0.remote,jp1_0.status,jp1_0.title from job_postings jp1_0 where jp1_0.posted_by_id=? order by jp1_0.created_at desc limit ?
2026-09-23T21:42:54.333+05:30 DEBUG 23880 --- [job-portal-service] [nio-8080-exec-9] org.hibernate.SQL                        : select c1_0.id,c1_0.city,c1_0.industry,c1_0.name,c1_0.slug,c1_0.verified from companies c1_0 where c1_0.id=?
2026-09-23T21:42:54.485+05:30 DEBUG 23880 --- [job-portal-service] [nio-8080-exec-1] org.hibernate.SQL                        : select au1_0.id,au1_0.candidate_id,au1_0.company_id,au1_0.email,au1_0.enabled,au1_0.password_hash,au1_0.role_name from users au1_0 where au1_0.email=?
2026-09-23T21:42:54.624+05:30 DEBUG 23880 --- [job-portal-service] [nio-8080-exec-1] org.hibernate.SQL                        : select jp1_0.id,jp1_0.closes_on,jp1_0.company_id,jp1_0.created_at,jp1_0.description,jp1_0.employment_type,jp1_0.location,jp1_0.max_salary,jp1_0.min_experience,jp1_0.min_salary,jp1_0.posted_by_id,jp1_0.reference,jp1_0.remote,jp1_0.status,jp1_0.title from job_postings jp1_0 where jp1_0.id=?
2026-09-23T21:42:54.639+05:30 DEBUG 23880 --- [job-portal-service] [nio-8080-exec-1] org.hibernate.SQL                        : select ja1_0.id,ja1_0.applied_at,ja1_0.candidate_id,ja1_0.cover_letter,ja1_0.job_posting_id,ja1_0.status,ja1_0.updated_at from applications ja1_0 where ja1_0.job_posting_id=? order by ja1_0.applied_at
2026-09-23T21:42:54.647+05:30 DEBUG 23880 --- [job-portal-service] [nio-8080-exec-1] org.hibernate.SQL                        : select c1_0.id,c1_0.city,c1_0.industry,c1_0.name,c1_0.slug,c1_0.verified from companies c1_0 where c1_0.id=?
2026-09-23T21:42:54.652+05:30 DEBUG 23880 --- [job-portal-service] [nio-8080-exec-1] org.hibernate.SQL                        : select c1_0.id,c1_0.created_at,c1_0.email,c1_0.expected_salary,c1_0.full_name,c1_0.headline,c1_0.location,c1_0.phone,c1_0.skills,c1_0.years_experience from candidates c1_0 where c1_0.id=?
2026-09-23T21:42:54.657+05:30 DEBUG 23880 --- [job-portal-service] [nio-8080-exec-1] org.hibernate.SQL                        : select c1_0.id,c1_0.created_at,c1_0.email,c1_0.expected_salary,c1_0.full_name,c1_0.headline,c1_0.location,c1_0.phone,c1_0.skills,c1_0.years_experience from candidates c1_0 where c1_0.id=?
2026-09-23T21:42:55.252+05:30 DEBUG 23880 --- [job-portal-service] [nio-8080-exec-2] org.hibernate.SQL                        : select au1_0.id,au1_0.candidate_id,au1_0.company_id,au1_0.email,au1_0.enabled,au1_0.password_hash,au1_0.role_name from users au1_0 where au1_0.email=?
2026-09-23T21:42:55.497+05:30 DEBUG 23880 --- [job-portal-service] [nio-8080-exec-2] org.hibernate.SQL                        : select jp1_0.id,jp1_0.closes_on,jp1_0.company_id,jp1_0.created_at,jp1_0.description,jp1_0.employment_type,jp1_0.location,jp1_0.max_salary,jp1_0.min_experience,jp1_0.min_salary,jp1_0.posted_by_id,jp1_0.reference,jp1_0.remote,jp1_0.status,jp1_0.title from job_postings jp1_0 where jp1_0.id=?
2026-09-23T21:42:55.508+05:30 DEBUG 23880 --- [job-portal-service] [nio-8080-exec-2] org.hibernate.SQL                        : select c1_0.id,c1_0.created_at,c1_0.email,c1_0.expected_salary,c1_0.full_name,c1_0.headline,c1_0.location,c1_0.phone,c1_0.skills,c1_0.years_experience from candidates c1_0 where c1_0.id=?
2026-09-23T21:42:55.530+05:30 DEBUG 23880 --- [job-portal-service] [nio-8080-exec-2] org.hibernate.SQL                        : select ja1_0.id from applications ja1_0 where ja1_0.job_posting_id=? and ja1_0.candidate_id=? and ja1_0.status=? limit ?
2026-09-23T21:42:55.557+05:30 DEBUG 23880 --- [job-portal-service] [nio-8080-exec-2] org.hibernate.SQL                        : select count(ja1_0.id) from applications ja1_0 where ja1_0.candidate_id=? and ja1_0.status in (?,?,?,?)
2026-09-23T21:42:55.595+05:30 DEBUG 23880 --- [job-portal-service] [nio-8080-exec-2] org.hibernate.SQL                        : insert into applications (applied_at,candidate_id,cover_letter,job_posting_id,status,updated_at) values (?,?,?,?,?,?)
2026-09-23T21:42:55.630+05:30  INFO 23880 --- [job-portal-service] [nio-8080-exec-2] c.h.portal.service.ApplicationService    : Candidate sana.qureshi@example.com applied to JOB-2025-0101
2026-09-23T21:42:55.631+05:30 DEBUG 23880 --- [job-portal-service] [nio-8080-exec-2] org.hibernate.SQL                        : select c1_0.id,c1_0.city,c1_0.industry,c1_0.name,c1_0.slug,c1_0.verified from companies c1_0 where c1_0.id=?
2026-09-23T21:43:14.703+05:30 DEBUG 23880 --- [job-portal-service] [nio-8080-exec-4] org.hibernate.SQL                        : select jp1_0.id,jp1_0.closes_on,jp1_0.company_id,jp1_0.created_at,jp1_0.description,jp1_0.employment_type,jp1_0.location,jp1_0.max_salary,jp1_0.min_experience,jp1_0.min_salary,jp1_0.posted_by_id,jp1_0.reference,jp1_0.remote,jp1_0.status,jp1_0.title from job_postings jp1_0 where jp1_0.remote=? order by jp1_0.created_at desc limit ?,?
2026-09-23T21:43:14.713+05:30 DEBUG 23880 --- [job-portal-service] [nio-8080-exec-4] c.hirestack.portal.service.JobService    : Job search matched 6 posting(s)
2026-09-23T21:43:14.714+05:30 DEBUG 23880 --- [job-portal-service] [nio-8080-exec-4] org.hibernate.SQL                        : select c1_0.id,c1_0.city,c1_0.industry,c1_0.name,c1_0.slug,c1_0.verified from companies c1_0 where c1_0.id=?
2026-09-23T21:43:14.721+05:30 DEBUG 23880 --- [job-portal-service] [nio-8080-exec-4] org.hibernate.SQL                        : select c1_0.id,c1_0.city,c1_0.industry,c1_0.name,c1_0.slug,c1_0.verified from companies c1_0 where c1_0.id=?
2026-09-23T21:43:14.728+05:30 DEBUG 23880 --- [job-portal-service] [nio-8080-exec-4] org.hibernate.SQL                        : select c1_0.id,c1_0.city,c1_0.industry,c1_0.name,c1_0.slug,c1_0.verified from companies c1_0 where c1_0.id=?
2026-09-23T21:43:14.988+05:30 DEBUG 23880 --- [job-portal-service] [nio-8080-exec-7] org.hibernate.SQL                        : select au1_0.id,au1_0.candidate_id,au1_0.company_id,au1_0.email,au1_0.enabled,au1_0.password_hash,au1_0.role_name from users au1_0 where au1_0.email=?
2026-09-23T21:43:15.285+05:30 DEBUG 23880 --- [job-portal-service] [nio-8080-exec-9] org.hibernate.SQL                        : select au1_0.id,au1_0.candidate_id,au1_0.company_id,au1_0.email,au1_0.enabled,au1_0.password_hash,au1_0.role_name from users au1_0 where au1_0.email=?
2026-09-23T21:43:15.432+05:30 DEBUG 23880 --- [job-portal-service] [nio-8080-exec-9] org.hibernate.SQL                        : select ja1_0.id,ja1_0.applied_at,ja1_0.candidate_id,ja1_0.cover_letter,ja1_0.job_posting_id,ja1_0.status,ja1_0.updated_at from applications ja1_0 where ja1_0.id=?
2026-09-23T21:43:15.436+05:30 DEBUG 23880 --- [job-portal-service] [nio-8080-exec-9] org.hibernate.SQL                        : select jp1_0.id,jp1_0.closes_on,jp1_0.company_id,jp1_0.created_at,jp1_0.description,jp1_0.employment_type,jp1_0.location,jp1_0.max_salary,jp1_0.min_experience,jp1_0.min_salary,jp1_0.posted_by_id,jp1_0.reference,jp1_0.remote,jp1_0.status,jp1_0.title from job_postings jp1_0 where jp1_0.id=?
2026-09-23T21:43:15.578+05:30 DEBUG 23880 --- [job-portal-service] [nio-8080-exec-2] org.hibernate.SQL                        : select au1_0.id,au1_0.candidate_id,au1_0.company_id,au1_0.email,au1_0.enabled,au1_0.password_hash,au1_0.role_name from users au1_0 where au1_0.email=?
2026-09-23T21:43:15.726+05:30 DEBUG 23880 --- [job-portal-service] [nio-8080-exec-2] org.hibernate.SQL                        : select ja1_0.id,ja1_0.applied_at,ja1_0.candidate_id,ja1_0.cover_letter,ja1_0.job_posting_id,ja1_0.status,ja1_0.updated_at from applications ja1_0 where ja1_0.id=?
2026-09-23T21:43:15.732+05:30 DEBUG 23880 --- [job-portal-service] [nio-8080-exec-2] org.hibernate.SQL                        : select jp1_0.id,jp1_0.closes_on,jp1_0.company_id,jp1_0.created_at,jp1_0.description,jp1_0.employment_type,jp1_0.location,jp1_0.max_salary,jp1_0.min_experience,jp1_0.min_salary,jp1_0.posted_by_id,jp1_0.reference,jp1_0.remote,jp1_0.status,jp1_0.title from job_postings jp1_0 where jp1_0.id=?
2026-09-23T21:43:15.739+05:30  INFO 23880 --- [job-portal-service] [nio-8080-exec-2] c.h.portal.service.ApplicationService    : Application 1 moved to SHORTLISTED
2026-09-23T21:43:15.739+05:30 DEBUG 23880 --- [job-portal-service] [nio-8080-exec-2] org.hibernate.SQL                        : select c1_0.id,c1_0.city,c1_0.industry,c1_0.name,c1_0.slug,c1_0.verified from companies c1_0 where c1_0.id=?
2026-09-23T21:43:15.745+05:30 DEBUG 23880 --- [job-portal-service] [nio-8080-exec-2] org.hibernate.SQL                        : select c1_0.id,c1_0.created_at,c1_0.email,c1_0.expected_salary,c1_0.full_name,c1_0.headline,c1_0.location,c1_0.phone,c1_0.skills,c1_0.years_experience from candidates c1_0 where c1_0.id=?
2026-09-23T21:43:15.909+05:30 DEBUG 23880 --- [job-portal-service] [nio-8080-exec-4] org.hibernate.SQL                        : select au1_0.id,au1_0.candidate_id,au1_0.company_id,au1_0.email,au1_0.enabled,au1_0.password_hash,au1_0.role_name from users au1_0 where au1_0.email=?
2026-09-23T21:43:16.064+05:30 DEBUG 23880 --- [job-portal-service] [nio-8080-exec-4] org.hibernate.SQL                        : select jp1_0.id,jp1_0.closes_on,jp1_0.company_id,jp1_0.created_at,jp1_0.description,jp1_0.employment_type,jp1_0.location,jp1_0.max_salary,jp1_0.min_experience,jp1_0.min_salary,jp1_0.posted_by_id,jp1_0.reference,jp1_0.remote,jp1_0.status,jp1_0.title from job_postings jp1_0 where jp1_0.id=?
2026-09-23T21:43:16.235+05:30 DEBUG 23880 --- [job-portal-service] [nio-8080-exec-6] org.hibernate.SQL                        : select au1_0.id,au1_0.candidate_id,au1_0.company_id,au1_0.email,au1_0.enabled,au1_0.password_hash,au1_0.role_name from users au1_0 where au1_0.email=?
2026-09-23T21:43:16.407+05:30 DEBUG 23880 --- [job-portal-service] [nio-8080-exec-6] org.hibernate.SQL                        : select jp1_0.id,jp1_0.closes_on,jp1_0.company_id,jp1_0.created_at,jp1_0.description,jp1_0.employment_type,jp1_0.location,jp1_0.max_salary,jp1_0.min_experience,jp1_0.min_salary,jp1_0.posted_by_id,jp1_0.reference,jp1_0.remote,jp1_0.status,jp1_0.title from job_postings jp1_0 where jp1_0.id=?
2026-09-23T21:43:16.586+05:30 DEBUG 23880 --- [job-portal-service] [nio-8080-exec-7] org.hibernate.SQL                        : select jp1_0.id,jp1_0.closes_on,jp1_0.company_id,jp1_0.created_at,jp1_0.description,jp1_0.employment_type,jp1_0.location,jp1_0.max_salary,jp1_0.min_experience,jp1_0.min_salary,jp1_0.posted_by_id,jp1_0.reference,jp1_0.remote,jp1_0.status,jp1_0.title from job_postings jp1_0 where jp1_0.id=?
2026-09-23T21:43:16.763+05:30 DEBUG 23880 --- [job-portal-service] [nio-8080-exec-9] org.hibernate.SQL                        : select au1_0.id,au1_0.candidate_id,au1_0.company_id,au1_0.email,au1_0.enabled,au1_0.password_hash,au1_0.role_name from users au1_0 where au1_0.email=?
2026-09-23T21:43:16.972+05:30 DEBUG 23880 --- [job-portal-service] [nio-8080-exec-9] org.hibernate.SQL                        : select c1_0.id,c1_0.city,c1_0.industry,c1_0.name,c1_0.slug,c1_0.verified from companies c1_0 where c1_0.id=?
2026-09-23T21:43:17.129+05:30 DEBUG 23880 --- [job-portal-service] [nio-8080-exec-2] org.hibernate.SQL                        : select au1_0.id,au1_0.candidate_id,au1_0.company_id,au1_0.email,au1_0.enabled,au1_0.password_hash,au1_0.role_name from users au1_0 where au1_0.email=?
2026-09-23T21:43:17.501+05:30 DEBUG 23880 --- [job-portal-service] [nio-8080-exec-3] org.hibernate.SQL                        : select au1_0.id,au1_0.candidate_id,au1_0.company_id,au1_0.email,au1_0.enabled,au1_0.password_hash,au1_0.role_name from users au1_0 where au1_0.email=?
2026-09-23T21:43:17.643+05:30 DEBUG 23880 --- [job-portal-service] [nio-8080-exec-3] org.hibernate.SQL                        : select ja1_0.id,ja1_0.applied_at,ja1_0.candidate_id,ja1_0.cover_letter,ja1_0.job_posting_id,ja1_0.status,ja1_0.updated_at from applications ja1_0 where ja1_0.id=?
2026-09-23T21:43:17.846+05:30 DEBUG 23880 --- [job-portal-service] [nio-8080-exec-5] org.hibernate.SQL                        : select au1_0.id from users au1_0 where au1_0.email=? limit ?
2026-09-23T21:43:17.980+05:30 DEBUG 23880 --- [job-portal-service] [nio-8080-exec-6] org.hibernate.SQL                        : select jp1_0.id,jp1_0.closes_on,jp1_0.company_id,jp1_0.created_at,jp1_0.description,jp1_0.employment_type,jp1_0.location,jp1_0.max_salary,jp1_0.min_experience,jp1_0.min_salary,jp1_0.posted_by_id,jp1_0.reference,jp1_0.remote,jp1_0.status,jp1_0.title from job_postings jp1_0 where jp1_0.max_salary>=? and jp1_0.remote=? order by jp1_0.created_at desc limit ?,?
2026-09-23T21:43:17.986+05:30 DEBUG 23880 --- [job-portal-service] [nio-8080-exec-6] c.hirestack.portal.service.JobService    : Job search matched 4 posting(s)
2026-09-23T21:43:17.987+05:30 DEBUG 23880 --- [job-portal-service] [nio-8080-exec-6] org.hibernate.SQL                        : select c1_0.id,c1_0.city,c1_0.industry,c1_0.name,c1_0.slug,c1_0.verified from companies c1_0 where c1_0.id=?
2026-09-23T21:43:17.990+05:30 DEBUG 23880 --- [job-portal-service] [nio-8080-exec-6] org.hibernate.SQL                        : select c1_0.id,c1_0.city,c1_0.industry,c1_0.name,c1_0.slug,c1_0.verified from companies c1_0 where c1_0.id=?
2026-09-23T21:43:17.992+05:30 DEBUG 23880 --- [job-portal-service] [nio-8080-exec-6] org.hibernate.SQL                        : select c1_0.id,c1_0.city,c1_0.industry,c1_0.name,c1_0.slug,c1_0.verified from companies c1_0 where c1_0.id=?
