
  .   ____          _            __ _ _
 /\\ / ___'_ __ _ _(_)_ __  __ _ \ \ \ \
( ( )\___ | '_ | '_| | '_ \/ _` | \ \ \ \
 \\/  ___)| |_)| | | | | || (_| |  ) ) ) )
  '  |____| .__|_| |_|_| |_\__, | / / / /
 =========|_|==============|___/=/_/_/_/

 :: Spring Boot ::                (v3.3.5)

2026-09-23T16:50:00.130Z  INFO 27280 --- [payment-processing-service] [           main] c.l.payments.PaymentsApplication         : Starting PaymentsApplication v8.4.1 using Java 22.0.2 with PID 27280 (D:\New folder\realistic projects bugs codes\08-payment-processing\target\payment-processing-service-8.4.1.jar started by P.Abhiram in D:\New folder\realistic projects bugs codes\08-payment-processing)
2026-09-23T16:50:00.132Z DEBUG 27280 --- [payment-processing-service] [           main] c.l.payments.PaymentsApplication         : Running with Spring Boot v3.3.5, Spring v6.1.14
2026-09-23T16:50:00.132Z  INFO 27280 --- [payment-processing-service] [           main] c.l.payments.PaymentsApplication         : The following 1 profile is active: "local"
2026-09-23T16:50:01.426Z  INFO 27280 --- [payment-processing-service] [           main] .s.d.r.c.RepositoryConfigurationDelegate : Bootstrapping Spring Data JPA repositories in DEFAULT mode.
2026-09-23T16:50:01.511Z  INFO 27280 --- [payment-processing-service] [           main] .s.d.r.c.RepositoryConfigurationDelegate : Finished Spring Data repository scanning in 72 ms. Found 5 JPA repository interfaces.
2026-09-23T16:50:04.908Z  INFO 27280 --- [payment-processing-service] [           main] o.s.b.w.embedded.tomcat.TomcatWebServer  : Tomcat initialized with port 8080 (http)
2026-09-23T16:50:04.964Z  INFO 27280 --- [payment-processing-service] [           main] o.apache.catalina.core.StandardService   : Starting service [Tomcat]
2026-09-23T16:50:04.965Z  INFO 27280 --- [payment-processing-service] [           main] o.apache.catalina.core.StandardEngine    : Starting Servlet engine: [Apache Tomcat/10.1.31]
2026-09-23T16:50:05.080Z  INFO 27280 --- [payment-processing-service] [           main] o.a.c.c.C.[Tomcat].[localhost].[/]       : Initializing Spring embedded WebApplicationContext
2026-09-23T16:50:05.082Z  INFO 27280 --- [payment-processing-service] [           main] w.s.c.ServletWebServerApplicationContext : Root WebApplicationContext: initialization completed in 4885 ms
2026-09-23T16:50:06.217Z  INFO 27280 --- [payment-processing-service] [           main] com.zaxxer.hikari.HikariDataSource       : payments-pool - Starting...
2026-09-23T16:50:06.798Z  INFO 27280 --- [payment-processing-service] [           main] com.zaxxer.hikari.pool.HikariPool        : payments-pool - Added connection com.mysql.cj.jdbc.ConnectionImpl@15f2a43f
2026-09-23T16:50:06.802Z  INFO 27280 --- [payment-processing-service] [           main] com.zaxxer.hikari.HikariDataSource       : payments-pool - Start completed.
2026-09-23T16:50:07.220Z  INFO 27280 --- [payment-processing-service] [           main] o.hibernate.jpa.internal.util.LogHelper  : HHH000204: Processing PersistenceUnitInfo [name: default]
2026-09-23T16:50:07.342Z  INFO 27280 --- [payment-processing-service] [           main] org.hibernate.Version                    : HHH000412: Hibernate ORM core version 6.5.3.Final
2026-09-23T16:50:07.428Z  INFO 27280 --- [payment-processing-service] [           main] o.h.c.internal.RegionFactoryInitiator    : HHH000026: Second-level cache disabled
2026-09-23T16:50:08.169Z  INFO 27280 --- [payment-processing-service] [           main] o.s.o.j.p.SpringPersistenceUnitInfo      : No LoadTimeWeaver setup: ignoring JPA class transformer
2026-09-23T16:50:10.655Z  INFO 27280 --- [payment-processing-service] [           main] o.h.e.t.j.p.i.JtaPlatformInitiator       : HHH000489: No JTA platform available (set 'hibernate.transaction.jta.platform' to enable JTA platform integration)
2026-09-23T16:50:10.662Z  INFO 27280 --- [payment-processing-service] [           main] j.LocalContainerEntityManagerFactoryBean : Initialized JPA EntityManagerFactory for persistence unit 'default'
2026-09-23T16:50:13.056Z  INFO 27280 --- [payment-processing-service] [           main] r$InitializeUserDetailsManagerConfigurer : Global AuthenticationManager configured with UserDetailsService bean with name paymentsUserDetailsService
2026-09-23T16:50:14.828Z  INFO 27280 --- [payment-processing-service] [           main] o.s.b.a.e.web.EndpointLinksResolver      : Exposing 2 endpoints beneath base path '/actuator'
2026-09-23T16:50:16.244Z  INFO 27280 --- [payment-processing-service] [           main] o.s.b.w.embedded.tomcat.TomcatWebServer  : Tomcat started on port 8080 (http) with context path '/'
2026-09-23T16:50:16.311Z  INFO 27280 --- [payment-processing-service] [           main] c.l.payments.PaymentsApplication         : Started PaymentsApplication in 16.873 seconds (process running for 17.597)
2026-09-23T16:50:16.501Z  INFO 27280 --- [payment-processing-service] [nio-8080-exec-1] o.a.c.c.C.[Tomcat].[localhost].[/]       : Initializing Spring DispatcherServlet 'dispatcherServlet'
2026-09-23T16:50:16.503Z  INFO 27280 --- [payment-processing-service] [nio-8080-exec-1] o.s.web.servlet.DispatcherServlet        : Initializing Servlet 'dispatcherServlet'
2026-09-23T16:50:16.506Z  INFO 27280 --- [payment-processing-service] [nio-8080-exec-1] o.s.web.servlet.DispatcherServlet        : Completed initialization in 2 ms
2026-09-23T16:50:17.475Z DEBUG 27280 --- [payment-processing-service] [nio-8080-exec-2] org.hibernate.SQL                        : select au1_0.id,au1_0.password_hash,au1_0.role_name,au1_0.username from users au1_0 where au1_0.username=?
2026-09-23T16:50:34.573Z DEBUG 27280 --- [payment-processing-service] [nio-8080-exec-3] org.hibernate.SQL                        : select au1_0.id,au1_0.password_hash,au1_0.role_name,au1_0.username from users au1_0 where au1_0.username=?
2026-09-23T16:50:34.916Z DEBUG 27280 --- [payment-processing-service] [nio-8080-exec-4] org.hibernate.SQL                        : select au1_0.id,au1_0.password_hash,au1_0.role_name,au1_0.username from users au1_0 where au1_0.username=?
2026-09-23T16:50:35.436Z DEBUG 27280 --- [payment-processing-service] [nio-8080-exec-4] org.hibernate.SQL                        : select p1_0.id,p1_0.amount,p1_0.attempts,p1_0.created_at,p1_0.currency,p1_0.failure_reason,p1_0.gateway_ref,p1_0.idempotency_key,p1_0.instrument,p1_0.order_id,p1_0.payment_ref,p1_0.status,p1_0.updated_at from payments p1_0 where p1_0.idempotency_key=? and p1_0.status=?
2026-09-23T16:50:35.444Z DEBUG 27280 --- [payment-processing-service] [nio-8080-exec-4] org.hibernate.SQL                        : select po1_0.id,po1_0.amount,po1_0.created_at,po1_0.currency,po1_0.customer_ref,po1_0.merchant_id,po1_0.order_ref,po1_0.status,po1_0.updated_at from orders po1_0 where po1_0.order_ref=?
2026-09-23T16:50:35.475Z DEBUG 27280 --- [payment-processing-service] [nio-8080-exec-4] org.hibernate.SQL                        : select m1_0.id,m1_0.active,m1_0.code,m1_0.name from merchants m1_0 where m1_0.id=?
2026-09-23T16:50:35.541Z DEBUG 27280 --- [payment-processing-service] [nio-8080-exec-4] org.hibernate.SQL                        : select p1_0.id from payments p1_0 where p1_0.payment_ref=? limit ?
2026-09-23T16:50:35.591Z DEBUG 27280 --- [payment-processing-service] [nio-8080-exec-4] org.hibernate.SQL                        : insert into payments (amount,attempts,created_at,currency,failure_reason,gateway_ref,idempotency_key,instrument,order_id,payment_ref,status,updated_at) values (?,?,?,?,?,?,?,?,?,?,?,?)
2026-09-23T16:50:35.629Z  INFO 27280 --- [payment-processing-service] [nio-8080-exec-4] c.l.p.gateway.SimulatedPaymentGateway    : Simulator declined PAY-230687 for 399.11
2026-09-23T16:50:35.632Z DEBUG 27280 --- [payment-processing-service] [nio-8080-exec-4] org.hibernate.SQL                        : insert into payment_attempts (attempt_no,created_at,gateway_ref,message,outcome,payment_id) values (?,?,?,?,?,?)
2026-09-23T16:50:35.639Z  INFO 27280 --- [payment-processing-service] [nio-8080-exec-4] c.l.payments.service.PaymentService      : Payment PAY-230687 declined for order ORD-5004: Insufficient funds
2026-09-23T16:50:35.655Z DEBUG 27280 --- [payment-processing-service] [nio-8080-exec-4] org.hibernate.SQL                        : update orders set amount=?,currency=?,customer_ref=?,merchant_id=?,order_ref=?,status=?,updated_at=? where id=?
2026-09-23T16:50:35.666Z DEBUG 27280 --- [payment-processing-service] [nio-8080-exec-4] org.hibernate.SQL                        : update payments set amount=?,attempts=?,currency=?,failure_reason=?,gateway_ref=?,idempotency_key=?,instrument=?,order_id=?,payment_ref=?,status=?,updated_at=? where id=?
2026-09-23T16:50:35.865Z DEBUG 27280 --- [payment-processing-service] [nio-8080-exec-6] org.hibernate.SQL                        : select au1_0.id,au1_0.password_hash,au1_0.role_name,au1_0.username from users au1_0 where au1_0.username=?
2026-09-23T16:50:35.998Z DEBUG 27280 --- [payment-processing-service] [nio-8080-exec-6] org.hibernate.SQL                        : select po1_0.id,po1_0.amount,po1_0.created_at,po1_0.currency,po1_0.customer_ref,po1_0.merchant_id,po1_0.order_ref,po1_0.status,po1_0.updated_at from orders po1_0 where po1_0.order_ref=?
2026-09-23T16:50:36.002Z DEBUG 27280 --- [payment-processing-service] [nio-8080-exec-6] org.hibernate.SQL                        : select m1_0.id,m1_0.active,m1_0.code,m1_0.name from merchants m1_0 where m1_0.id=?
2026-09-23T16:50:36.159Z DEBUG 27280 --- [payment-processing-service] [nio-8080-exec-7] org.hibernate.SQL                        : select au1_0.id,au1_0.password_hash,au1_0.role_name,au1_0.username from users au1_0 where au1_0.username=?
2026-09-23T16:50:36.297Z DEBUG 27280 --- [payment-processing-service] [nio-8080-exec-7] org.hibernate.SQL                        : select p1_0.id,p1_0.amount,p1_0.attempts,p1_0.created_at,p1_0.currency,p1_0.failure_reason,p1_0.gateway_ref,p1_0.idempotency_key,p1_0.instrument,p1_0.order_id,p1_0.payment_ref,p1_0.status,p1_0.updated_at from payments p1_0 where p1_0.idempotency_key=? and p1_0.status=?
2026-09-23T16:50:36.311Z DEBUG 27280 --- [payment-processing-service] [nio-8080-exec-7] org.hibernate.SQL                        : select po1_0.id,po1_0.amount,po1_0.created_at,po1_0.currency,po1_0.customer_ref,po1_0.merchant_id,po1_0.order_ref,po1_0.status,po1_0.updated_at from orders po1_0 where po1_0.order_ref=?
2026-09-23T16:50:36.323Z DEBUG 27280 --- [payment-processing-service] [nio-8080-exec-7] org.hibernate.SQL                        : select m1_0.id,m1_0.active,m1_0.code,m1_0.name from merchants m1_0 where m1_0.id=?
2026-09-23T16:50:36.335Z DEBUG 27280 --- [payment-processing-service] [nio-8080-exec-7] org.hibernate.SQL                        : select p1_0.id from payments p1_0 where p1_0.payment_ref=? limit ?
2026-09-23T16:50:36.348Z DEBUG 27280 --- [payment-processing-service] [nio-8080-exec-7] org.hibernate.SQL                        : insert into payments (amount,attempts,created_at,currency,failure_reason,gateway_ref,idempotency_key,instrument,order_id,payment_ref,status,updated_at) values (?,?,?,?,?,?,?,?,?,?,?,?)
2026-09-23T16:50:36.359Z  INFO 27280 --- [payment-processing-service] [nio-8080-exec-7] c.l.p.gateway.SimulatedPaymentGateway    : Simulator declined PAY-72127 for 399.11
2026-09-23T16:50:36.360Z DEBUG 27280 --- [payment-processing-service] [nio-8080-exec-7] org.hibernate.SQL                        : insert into payment_attempts (attempt_no,created_at,gateway_ref,message,outcome,payment_id) values (?,?,?,?,?,?)
2026-09-23T16:50:36.365Z  INFO 27280 --- [payment-processing-service] [nio-8080-exec-7] c.l.payments.service.PaymentService      : Payment PAY-72127 declined for order ORD-5004: Insufficient funds
2026-09-23T16:50:36.367Z DEBUG 27280 --- [payment-processing-service] [nio-8080-exec-7] org.hibernate.SQL                        : update payments set amount=?,attempts=?,currency=?,failure_reason=?,gateway_ref=?,idempotency_key=?,instrument=?,order_id=?,payment_ref=?,status=?,updated_at=? where id=?
2026-09-23T16:50:36.966Z DEBUG 27280 --- [payment-processing-service] [nio-8080-exec-8] org.hibernate.SQL                        : select au1_0.id,au1_0.password_hash,au1_0.role_name,au1_0.username from users au1_0 where au1_0.username=?
2026-09-23T16:50:37.096Z DEBUG 27280 --- [payment-processing-service] [nio-8080-exec-8] org.hibernate.SQL                        : select p1_0.id,p1_0.amount,p1_0.attempts,p1_0.created_at,p1_0.currency,p1_0.failure_reason,p1_0.gateway_ref,p1_0.idempotency_key,p1_0.instrument,p1_0.order_id,p1_0.payment_ref,p1_0.status,p1_0.updated_at from payments p1_0 where p1_0.idempotency_key=? and p1_0.status=?
2026-09-23T16:50:37.111Z DEBUG 27280 --- [payment-processing-service] [nio-8080-exec-8] org.hibernate.SQL                        : select po1_0.id,po1_0.amount,po1_0.created_at,po1_0.currency,po1_0.customer_ref,po1_0.merchant_id,po1_0.order_ref,po1_0.status,po1_0.updated_at from orders po1_0 where po1_0.order_ref=?
2026-09-23T16:50:37.118Z DEBUG 27280 --- [payment-processing-service] [nio-8080-exec-8] org.hibernate.SQL                        : select m1_0.id,m1_0.active,m1_0.code,m1_0.name from merchants m1_0 where m1_0.id=?
2026-09-23T16:50:37.126Z DEBUG 27280 --- [payment-processing-service] [nio-8080-exec-8] org.hibernate.SQL                        : select p1_0.id from payments p1_0 where p1_0.payment_ref=? limit ?
2026-09-23T16:50:37.132Z DEBUG 27280 --- [payment-processing-service] [nio-8080-exec-8] org.hibernate.SQL                        : insert into payments (amount,attempts,created_at,currency,failure_reason,gateway_ref,idempotency_key,instrument,order_id,payment_ref,status,updated_at) values (?,?,?,?,?,?,?,?,?,?,?,?)
2026-09-23T16:50:37.204Z  INFO 27280 --- [payment-processing-service] [nio-8080-exec-8] c.l.p.gateway.SimulatedPaymentGateway    : Simulator approved PAY-398389 for 5.00 as SIMGW-4471003
2026-09-23T16:50:37.206Z DEBUG 27280 --- [payment-processing-service] [nio-8080-exec-8] org.hibernate.SQL                        : insert into payment_attempts (attempt_no,created_at,gateway_ref,message,outcome,payment_id) values (?,?,?,?,?,?)
2026-09-23T16:50:37.211Z  INFO 27280 --- [payment-processing-service] [nio-8080-exec-8] c.l.payments.service.PaymentService      : Payment PAY-398389 succeeded for order ORD-5003
2026-09-23T16:50:37.214Z DEBUG 27280 --- [payment-processing-service] [nio-8080-exec-8] org.hibernate.SQL                        : update orders set amount=?,currency=?,customer_ref=?,merchant_id=?,order_ref=?,status=?,updated_at=? where id=?
2026-09-23T16:50:37.220Z DEBUG 27280 --- [payment-processing-service] [nio-8080-exec-8] org.hibernate.SQL                        : update payments set amount=?,attempts=?,currency=?,failure_reason=?,gateway_ref=?,idempotency_key=?,instrument=?,order_id=?,payment_ref=?,status=?,updated_at=? where id=?
2026-09-23T16:50:37.392Z DEBUG 27280 --- [payment-processing-service] [io-8080-exec-10] org.hibernate.SQL                        : select au1_0.id,au1_0.password_hash,au1_0.role_name,au1_0.username from users au1_0 where au1_0.username=?
2026-09-23T16:50:37.560Z DEBUG 27280 --- [payment-processing-service] [io-8080-exec-10] org.hibernate.SQL                        : select po1_0.id,po1_0.amount,po1_0.created_at,po1_0.currency,po1_0.customer_ref,po1_0.merchant_id,po1_0.order_ref,po1_0.status,po1_0.updated_at from orders po1_0 where po1_0.order_ref=?
2026-09-23T16:50:37.565Z DEBUG 27280 --- [payment-processing-service] [io-8080-exec-10] org.hibernate.SQL                        : select m1_0.id,m1_0.active,m1_0.code,m1_0.name from merchants m1_0 where m1_0.id=?
2026-09-23T16:50:37.749Z DEBUG 27280 --- [payment-processing-service] [nio-8080-exec-2] org.hibernate.SQL                        : select au1_0.id,au1_0.password_hash,au1_0.role_name,au1_0.username from users au1_0 where au1_0.username=?
2026-09-23T16:50:38.046Z DEBUG 27280 --- [payment-processing-service] [nio-8080-exec-4] org.hibernate.SQL                        : select au1_0.id,au1_0.password_hash,au1_0.role_name,au1_0.username from users au1_0 where au1_0.username=?
2026-09-23T16:50:38.187Z DEBUG 27280 --- [payment-processing-service] [nio-8080-exec-4] org.hibernate.SQL                        : select p1_0.id,p1_0.amount,p1_0.attempts,p1_0.created_at,p1_0.currency,p1_0.failure_reason,p1_0.gateway_ref,p1_0.idempotency_key,p1_0.instrument,p1_0.order_id,p1_0.payment_ref,p1_0.status,p1_0.updated_at from payments p1_0 where p1_0.idempotency_key=? and p1_0.status=?
2026-09-23T16:50:38.194Z DEBUG 27280 --- [payment-processing-service] [nio-8080-exec-4] org.hibernate.SQL                        : select po1_0.id,po1_0.amount,po1_0.created_at,po1_0.currency,po1_0.customer_ref,po1_0.merchant_id,po1_0.order_ref,po1_0.status,po1_0.updated_at from orders po1_0 where po1_0.order_ref=?
2026-09-23T16:50:38.198Z DEBUG 27280 --- [payment-processing-service] [nio-8080-exec-4] org.hibernate.SQL                        : select m1_0.id,m1_0.active,m1_0.code,m1_0.name from merchants m1_0 where m1_0.id=?
2026-09-23T16:50:38.201Z DEBUG 27280 --- [payment-processing-service] [nio-8080-exec-4] org.hibernate.SQL                        : select p1_0.id from payments p1_0 where p1_0.payment_ref=? limit ?
2026-09-23T16:50:38.204Z DEBUG 27280 --- [payment-processing-service] [nio-8080-exec-4] org.hibernate.SQL                        : insert into payments (amount,attempts,created_at,currency,failure_reason,gateway_ref,idempotency_key,instrument,order_id,payment_ref,status,updated_at) values (?,?,?,?,?,?,?,?,?,?,?,?)
2026-09-23T16:50:38.207Z  WARN 27280 --- [payment-processing-service] [nio-8080-exec-4] c.l.p.gateway.SimulatedPaymentGateway    : Simulator captured PAY-594728 for 1120.22 but the response was lost
2026-09-23T16:50:38.430Z DEBUG 27280 --- [payment-processing-service] [nio-8080-exec-4] org.hibernate.SQL                        : select p1_0.id,p1_0.amount,p1_0.attempts,p1_0.created_at,p1_0.currency,p1_0.failure_reason,p1_0.gateway_ref,p1_0.idempotency_key,p1_0.instrument,p1_0.order_id,p1_0.payment_ref,p1_0.status,p1_0.updated_at from payments p1_0 where p1_0.idempotency_key=? and p1_0.status=?
2026-09-23T16:50:38.447Z DEBUG 27280 --- [payment-processing-service] [nio-8080-exec-4] org.hibernate.SQL                        : select po1_0.id,po1_0.amount,po1_0.created_at,po1_0.currency,po1_0.customer_ref,po1_0.merchant_id,po1_0.order_ref,po1_0.status,po1_0.updated_at from orders po1_0 where po1_0.order_ref=?
2026-09-23T16:50:38.452Z DEBUG 27280 --- [payment-processing-service] [nio-8080-exec-4] org.hibernate.SQL                        : select m1_0.id,m1_0.active,m1_0.code,m1_0.name from merchants m1_0 where m1_0.id=?
2026-09-23T16:50:38.465Z DEBUG 27280 --- [payment-processing-service] [nio-8080-exec-4] org.hibernate.SQL                        : select p1_0.id from payments p1_0 where p1_0.payment_ref=? limit ?
2026-09-23T16:50:38.473Z DEBUG 27280 --- [payment-processing-service] [nio-8080-exec-4] org.hibernate.SQL                        : insert into payments (amount,attempts,created_at,currency,failure_reason,gateway_ref,idempotency_key,instrument,order_id,payment_ref,status,updated_at) values (?,?,?,?,?,?,?,?,?,?,?,?)
2026-09-23T16:50:38.481Z  WARN 27280 --- [payment-processing-service] [nio-8080-exec-4] c.l.p.gateway.SimulatedPaymentGateway    : Simulator captured PAY-913052 for 1120.22 but the response was lost
2026-09-23T16:50:38.716Z DEBUG 27280 --- [payment-processing-service] [nio-8080-exec-4] org.hibernate.SQL                        : select p1_0.id,p1_0.amount,p1_0.attempts,p1_0.created_at,p1_0.currency,p1_0.failure_reason,p1_0.gateway_ref,p1_0.idempotency_key,p1_0.instrument,p1_0.order_id,p1_0.payment_ref,p1_0.status,p1_0.updated_at from payments p1_0 where p1_0.idempotency_key=? and p1_0.status=?
2026-09-23T16:50:38.725Z DEBUG 27280 --- [payment-processing-service] [nio-8080-exec-4] org.hibernate.SQL                        : select po1_0.id,po1_0.amount,po1_0.created_at,po1_0.currency,po1_0.customer_ref,po1_0.merchant_id,po1_0.order_ref,po1_0.status,po1_0.updated_at from orders po1_0 where po1_0.order_ref=?
2026-09-23T16:50:38.731Z DEBUG 27280 --- [payment-processing-service] [nio-8080-exec-4] org.hibernate.SQL                        : select m1_0.id,m1_0.active,m1_0.code,m1_0.name from merchants m1_0 where m1_0.id=?
2026-09-23T16:50:38.738Z DEBUG 27280 --- [payment-processing-service] [nio-8080-exec-4] org.hibernate.SQL                        : select p1_0.id from payments p1_0 where p1_0.payment_ref=? limit ?
2026-09-23T16:50:38.743Z DEBUG 27280 --- [payment-processing-service] [nio-8080-exec-4] org.hibernate.SQL                        : insert into payments (amount,attempts,created_at,currency,failure_reason,gateway_ref,idempotency_key,instrument,order_id,payment_ref,status,updated_at) values (?,?,?,?,?,?,?,?,?,?,?,?)
2026-09-23T16:50:38.750Z  WARN 27280 --- [payment-processing-service] [nio-8080-exec-4] c.l.p.gateway.SimulatedPaymentGateway    : Simulator captured PAY-500635 for 1120.22 but the response was lost
2026-09-23T16:50:38.902Z DEBUG 27280 --- [payment-processing-service] [nio-8080-exec-5] org.hibernate.SQL                        : select au1_0.id,au1_0.password_hash,au1_0.role_name,au1_0.username from users au1_0 where au1_0.username=?
