
  .   ____          _            __ _ _
 /\\ / ___'_ __ _ _(_)_ __  __ _ \ \ \ \
( ( )\___ | '_ | '_| | '_ \/ _` | \ \ \ \
 \\/  ___)| |_)| | | | | || (_| |  ) ) ) )
  '  |____| .__|_| |_|_| |_\__, | / / / /
 =========|_|==============|___/=/_/_/_/

 :: Spring Boot ::                (v3.3.5)

2026-09-23T15:39:48.353Z  INFO 22584 --- [inventory-service] [           main] c.v.inventory.InventoryApplication       : Starting InventoryApplication v5.6.2 using Java 22.0.2 with PID 22584 (D:\New folder\realistic projects bugs codes\05-inventory-management\target\inventory-service-5.6.2.jar started by P.Abhiram in D:\New folder\realistic projects bugs codes\05-inventory-management)
2026-09-23T15:39:48.354Z DEBUG 22584 --- [inventory-service] [           main] c.v.inventory.InventoryApplication       : Running with Spring Boot v3.3.5, Spring v6.1.14
2026-09-23T15:39:48.359Z  INFO 22584 --- [inventory-service] [           main] c.v.inventory.InventoryApplication       : The following 1 profile is active: "local"
2026-09-23T15:39:49.619Z  INFO 22584 --- [inventory-service] [           main] .s.d.r.c.RepositoryConfigurationDelegate : Multiple Spring Data modules found, entering strict repository configuration mode
2026-09-23T15:39:49.620Z  INFO 22584 --- [inventory-service] [           main] .s.d.r.c.RepositoryConfigurationDelegate : Bootstrapping Spring Data JPA repositories in DEFAULT mode.
2026-09-23T15:39:49.779Z  INFO 22584 --- [inventory-service] [           main] .s.d.r.c.RepositoryConfigurationDelegate : Finished Spring Data repository scanning in 151 ms. Found 7 JPA repository interfaces.
2026-09-23T15:39:49.799Z  INFO 22584 --- [inventory-service] [           main] .s.d.r.c.RepositoryConfigurationDelegate : Multiple Spring Data modules found, entering strict repository configuration mode
2026-09-23T15:39:49.802Z  INFO 22584 --- [inventory-service] [           main] .s.d.r.c.RepositoryConfigurationDelegate : Bootstrapping Spring Data Redis repositories in DEFAULT mode.
2026-09-23T15:39:49.820Z  INFO 22584 --- [inventory-service] [           main] .RepositoryConfigurationExtensionSupport : Spring Data Redis - Could not safely identify store assignment for repository candidate interface com.vantage.inventory.repository.AppUserRepository; If you want this repository to be a Redis repository, consider annotating your entities with one of these annotations: org.springframework.data.redis.core.RedisHash (preferred), or consider extending one of the following types with your repository: org.springframework.data.keyvalue.repository.KeyValueRepository
2026-09-23T15:39:49.821Z  INFO 22584 --- [inventory-service] [           main] .RepositoryConfigurationExtensionSupport : Spring Data Redis - Could not safely identify store assignment for repository candidate interface com.vantage.inventory.repository.ProductRepository; If you want this repository to be a Redis repository, consider annotating your entities with one of these annotations: org.springframework.data.redis.core.RedisHash (preferred), or consider extending one of the following types with your repository: org.springframework.data.keyvalue.repository.KeyValueRepository
2026-09-23T15:39:49.821Z  INFO 22584 --- [inventory-service] [           main] .RepositoryConfigurationExtensionSupport : Spring Data Redis - Could not safely identify store assignment for repository candidate interface com.vantage.inventory.repository.PurchaseOrderRepository; If you want this repository to be a Redis repository, consider annotating your entities with one of these annotations: org.springframework.data.redis.core.RedisHash (preferred), or consider extending one of the following types with your repository: org.springframework.data.keyvalue.repository.KeyValueRepository
2026-09-23T15:39:49.822Z  INFO 22584 --- [inventory-service] [           main] .RepositoryConfigurationExtensionSupport : Spring Data Redis - Could not safely identify store assignment for repository candidate interface com.vantage.inventory.repository.StockLevelRepository; If you want this repository to be a Redis repository, consider annotating your entities with one of these annotations: org.springframework.data.redis.core.RedisHash (preferred), or consider extending one of the following types with your repository: org.springframework.data.keyvalue.repository.KeyValueRepository
2026-09-23T15:39:49.822Z  INFO 22584 --- [inventory-service] [           main] .RepositoryConfigurationExtensionSupport : Spring Data Redis - Could not safely identify store assignment for repository candidate interface com.vantage.inventory.repository.StockMovementRepository; If you want this repository to be a Redis repository, consider annotating your entities with one of these annotations: org.springframework.data.redis.core.RedisHash (preferred), or consider extending one of the following types with your repository: org.springframework.data.keyvalue.repository.KeyValueRepository
2026-09-23T15:39:49.822Z  INFO 22584 --- [inventory-service] [           main] .RepositoryConfigurationExtensionSupport : Spring Data Redis - Could not safely identify store assignment for repository candidate interface com.vantage.inventory.repository.SupplierRepository; If you want this repository to be a Redis repository, consider annotating your entities with one of these annotations: org.springframework.data.redis.core.RedisHash (preferred), or consider extending one of the following types with your repository: org.springframework.data.keyvalue.repository.KeyValueRepository
2026-09-23T15:39:49.823Z  INFO 22584 --- [inventory-service] [           main] .RepositoryConfigurationExtensionSupport : Spring Data Redis - Could not safely identify store assignment for repository candidate interface com.vantage.inventory.repository.WarehouseRepository; If you want this repository to be a Redis repository, consider annotating your entities with one of these annotations: org.springframework.data.redis.core.RedisHash (preferred), or consider extending one of the following types with your repository: org.springframework.data.keyvalue.repository.KeyValueRepository
2026-09-23T15:39:49.823Z  INFO 22584 --- [inventory-service] [           main] .s.d.r.c.RepositoryConfigurationDelegate : Finished Spring Data repository scanning in 7 ms. Found 0 Redis repository interfaces.
2026-09-23T15:39:53.080Z  INFO 22584 --- [inventory-service] [           main] o.s.b.w.embedded.tomcat.TomcatWebServer  : Tomcat initialized with port 8080 (http)
2026-09-23T15:39:53.171Z  INFO 22584 --- [inventory-service] [           main] o.apache.catalina.core.StandardService   : Starting service [Tomcat]
2026-09-23T15:39:53.174Z  INFO 22584 --- [inventory-service] [           main] o.apache.catalina.core.StandardEngine    : Starting Servlet engine: [Apache Tomcat/10.1.31]
2026-09-23T15:39:53.339Z  INFO 22584 --- [inventory-service] [           main] o.a.c.c.C.[Tomcat].[localhost].[/]       : Initializing Spring embedded WebApplicationContext
2026-09-23T15:39:53.343Z  INFO 22584 --- [inventory-service] [           main] w.s.c.ServletWebServerApplicationContext : Root WebApplicationContext: initialization completed in 4935 ms
2026-09-23T15:39:54.496Z  INFO 22584 --- [inventory-service] [           main] com.zaxxer.hikari.HikariDataSource       : inventory-pool - Starting...
2026-09-23T15:39:55.408Z  INFO 22584 --- [inventory-service] [           main] com.zaxxer.hikari.pool.HikariPool        : inventory-pool - Added connection org.postgresql.jdbc.PgConnection@277bc3a5
2026-09-23T15:39:55.411Z  INFO 22584 --- [inventory-service] [           main] com.zaxxer.hikari.HikariDataSource       : inventory-pool - Start completed.
2026-09-23T15:39:56.116Z  INFO 22584 --- [inventory-service] [           main] o.hibernate.jpa.internal.util.LogHelper  : HHH000204: Processing PersistenceUnitInfo [name: default]
2026-09-23T15:39:56.256Z  INFO 22584 --- [inventory-service] [           main] org.hibernate.Version                    : HHH000412: Hibernate ORM core version 6.5.3.Final
2026-09-23T15:39:56.332Z  INFO 22584 --- [inventory-service] [           main] o.h.c.internal.RegionFactoryInitiator    : HHH000026: Second-level cache disabled
2026-09-23T15:39:57.058Z  INFO 22584 --- [inventory-service] [           main] o.s.o.j.p.SpringPersistenceUnitInfo      : No LoadTimeWeaver setup: ignoring JPA class transformer
2026-09-23T15:39:59.902Z  INFO 22584 --- [inventory-service] [           main] o.h.e.t.j.p.i.JtaPlatformInitiator       : HHH000489: No JTA platform available (set 'hibernate.transaction.jta.platform' to enable JTA platform integration)
2026-09-23T15:39:59.908Z  INFO 22584 --- [inventory-service] [           main] j.LocalContainerEntityManagerFactoryBean : Initialized JPA EntityManagerFactory for persistence unit 'default'
2026-09-23T15:40:03.252Z  INFO 22584 --- [inventory-service] [           main] o.s.d.j.r.query.QueryEnhancerFactory     : Hibernate is in classpath; If applicable, HQL parser will be used.
2026-09-23T15:40:05.619Z  INFO 22584 --- [inventory-service] [           main] r$InitializeUserDetailsManagerConfigurer : Global AuthenticationManager configured with UserDetailsService bean with name inventoryUserDetailsService
2026-09-23T15:40:07.256Z  INFO 22584 --- [inventory-service] [           main] o.s.b.a.e.web.EndpointLinksResolver      : Exposing 2 endpoints beneath base path '/actuator'
2026-09-23T15:40:08.704Z  INFO 22584 --- [inventory-service] [           main] o.s.b.w.embedded.tomcat.TomcatWebServer  : Tomcat started on port 8080 (http) with context path '/'
2026-09-23T15:40:08.743Z  INFO 22584 --- [inventory-service] [           main] c.v.inventory.InventoryApplication       : Started InventoryApplication in 20.952 seconds (process running for 21.585)
2026-09-23T15:40:09.056Z  INFO 22584 --- [inventory-service] [nio-8080-exec-2] o.a.c.c.C.[Tomcat].[localhost].[/]       : Initializing Spring DispatcherServlet 'dispatcherServlet'
2026-09-23T15:40:09.056Z  INFO 22584 --- [inventory-service] [nio-8080-exec-2] o.s.web.servlet.DispatcherServlet        : Initializing Servlet 'dispatcherServlet'
2026-09-23T15:40:09.060Z  INFO 22584 --- [inventory-service] [nio-8080-exec-2] o.s.web.servlet.DispatcherServlet        : Completed initialization in 3 ms
2026-09-23T15:40:22.455Z DEBUG 22584 --- [inventory-service] [nio-8080-exec-4] org.hibernate.SQL                        : select au1_0.id,au1_0.enabled,au1_0.password_hash,au1_0.role_name,au1_0.username from users au1_0 where au1_0.username=?
2026-09-23T15:40:22.684Z DEBUG 22584 --- [inventory-service] [nio-8080-exec-4] org.hibernate.SQL                        : select p1_0.id,p1_0.active,p1_0.name,p1_0.reorder_level,p1_0.sku,p1_0.unit from products p1_0 where p1_0.id=?
2026-09-23T15:40:22.692Z DEBUG 22584 --- [inventory-service] [nio-8080-exec-4] org.hibernate.SQL                        : select w1_0.id,w1_0.active,w1_0.city,w1_0.code,w1_0.name from warehouses w1_0 where w1_0.id=?
2026-09-23T15:40:22.772Z DEBUG 22584 --- [inventory-service] [nio-8080-exec-4] org.hibernate.SQL                        : select sl1_0.id,sl1_0.product_id,sl1_0.quantity_on_hand,sl1_0.quantity_reserved,sl1_0.updated_at,sl1_0.warehouse_id from stock_levels sl1_0 where sl1_0.product_id=? and sl1_0.warehouse_id=?
2026-09-23T15:40:22.789Z DEBUG 22584 --- [inventory-service] [nio-8080-exec-4] com.vantage.inventory.cache.StockCache   : Cached stock for product 3 in warehouse 1: 310 on hand, 95 reserved
2026-09-23T15:40:24.029Z DEBUG 22584 --- [inventory-service] [nio-8080-exec-6] org.hibernate.SQL                        : select au1_0.id,au1_0.enabled,au1_0.password_hash,au1_0.role_name,au1_0.username from users au1_0 where au1_0.username=?
2026-09-23T15:40:24.166Z DEBUG 22584 --- [inventory-service] [nio-8080-exec-6] org.hibernate.SQL                        : select p1_0.id,p1_0.active,p1_0.name,p1_0.reorder_level,p1_0.sku,p1_0.unit from products p1_0 where p1_0.id=?
2026-09-23T15:40:24.172Z DEBUG 22584 --- [inventory-service] [nio-8080-exec-6] org.hibernate.SQL                        : select w1_0.id,w1_0.active,w1_0.city,w1_0.code,w1_0.name from warehouses w1_0 where w1_0.id=?
2026-09-23T15:40:24.181Z DEBUG 22584 --- [inventory-service] [nio-8080-exec-6] org.hibernate.SQL                        : select sl1_0.id,sl1_0.product_id,sl1_0.quantity_on_hand,sl1_0.quantity_reserved,sl1_0.updated_at,sl1_0.warehouse_id from stock_levels sl1_0 where sl1_0.product_id=? and sl1_0.warehouse_id=?
2026-09-23T15:40:24.186Z DEBUG 22584 --- [inventory-service] [nio-8080-exec-6] com.vantage.inventory.cache.StockCache   : Cached stock for product 1 in warehouse 1: 1420 on hand, 180 reserved
2026-09-23T15:40:24.330Z DEBUG 22584 --- [inventory-service] [nio-8080-exec-8] org.hibernate.SQL                        : select au1_0.id,au1_0.enabled,au1_0.password_hash,au1_0.role_name,au1_0.username from users au1_0 where au1_0.username=?
2026-09-23T15:40:24.470Z DEBUG 22584 --- [inventory-service] [nio-8080-exec-8] org.hibernate.SQL                        : select p1_0.id,p1_0.active,p1_0.name,p1_0.reorder_level,p1_0.sku,p1_0.unit from products p1_0 where p1_0.id=?
2026-09-23T15:40:24.476Z DEBUG 22584 --- [inventory-service] [nio-8080-exec-8] org.hibernate.SQL                        : select w1_0.id,w1_0.active,w1_0.city,w1_0.code,w1_0.name from warehouses w1_0 where w1_0.id=?
2026-09-23T15:40:24.488Z DEBUG 22584 --- [inventory-service] [nio-8080-exec-8] c.v.inventory.service.StockService       : Stock cache hit for product 1 in warehouse 2
2026-09-23T15:40:24.618Z DEBUG 22584 --- [inventory-service] [io-8080-exec-10] org.hibernate.SQL                        : select au1_0.id,au1_0.enabled,au1_0.password_hash,au1_0.role_name,au1_0.username from users au1_0 where au1_0.username=?
2026-09-23T15:40:24.768Z DEBUG 22584 --- [inventory-service] [io-8080-exec-10] org.hibernate.SQL                        : select p1_0.id,p1_0.active,p1_0.name,p1_0.reorder_level,p1_0.sku,p1_0.unit from products p1_0 where p1_0.id=?
2026-09-23T15:40:24.773Z DEBUG 22584 --- [inventory-service] [io-8080-exec-10] org.hibernate.SQL                        : select w1_0.id,w1_0.active,w1_0.city,w1_0.code,w1_0.name from warehouses w1_0 where w1_0.id=?
2026-09-23T15:40:24.780Z DEBUG 22584 --- [inventory-service] [io-8080-exec-10] c.v.inventory.service.StockService       : Stock cache hit for product 1 in warehouse 3
2026-09-23T15:40:42.195Z DEBUG 22584 --- [inventory-service] [nio-8080-exec-2] org.hibernate.SQL                        : select au1_0.id,au1_0.enabled,au1_0.password_hash,au1_0.role_name,au1_0.username from users au1_0 where au1_0.username=?
2026-09-23T15:40:42.624Z DEBUG 22584 --- [inventory-service] [nio-8080-exec-2] org.hibernate.SQL                        : select po1_0.id,po1_0.created_at,po1_0.expected_date,po1_0.po_number,po1_0.status,po1_0.supplier_id,po1_0.warehouse_id from purchase_orders po1_0 where po1_0.id=?
2026-09-23T15:40:42.661Z DEBUG 22584 --- [inventory-service] [nio-8080-exec-2] org.hibernate.SQL                        : select l1_0.purchase_order_id,l1_0.id,l1_0.product_id,l1_0.quantity_ordered,l1_0.quantity_received,l1_0.unit_cost from purchase_order_lines l1_0 where l1_0.purchase_order_id=?
2026-09-23T15:40:42.712Z DEBUG 22584 --- [inventory-service] [nio-8080-exec-2] org.hibernate.SQL                        : select sl1_0.id,sl1_0.product_id,sl1_0.quantity_on_hand,sl1_0.quantity_reserved,sl1_0.updated_at,sl1_0.warehouse_id from stock_levels sl1_0 where sl1_0.product_id=? and sl1_0.warehouse_id=?
2026-09-23T15:40:42.773Z DEBUG 22584 --- [inventory-service] [nio-8080-exec-2] org.hibernate.SQL                        : insert into stock_movements (created_at,movement_type,product_id,quantity,reason,reference,warehouse_id) values (?,?,?,?,?,?,?) returning id
2026-09-23T15:40:42.799Z DEBUG 22584 --- [inventory-service] [nio-8080-exec-2] com.vantage.inventory.cache.StockCache   : Cached stock for product 1 in warehouse 1: 1920 on hand, 180 reserved
2026-09-23T15:40:42.799Z DEBUG 22584 --- [inventory-service] [nio-8080-exec-2] org.hibernate.SQL                        : select p1_0.id,p1_0.active,p1_0.name,p1_0.reorder_level,p1_0.sku,p1_0.unit from products p1_0 where p1_0.id=?
2026-09-23T15:40:42.804Z DEBUG 22584 --- [inventory-service] [nio-8080-exec-2] org.hibernate.SQL                        : select w1_0.id,w1_0.active,w1_0.city,w1_0.code,w1_0.name from warehouses w1_0 where w1_0.id=?
2026-09-23T15:40:42.807Z  INFO 22584 --- [inventory-service] [nio-8080-exec-2] c.v.inventory.service.ReceivingService   : Received 500 x VS-CBL-0101 into WH-BLR against PO-2025-0021
2026-09-23T15:40:42.808Z DEBUG 22584 --- [inventory-service] [nio-8080-exec-2] org.hibernate.SQL                        : select p1_0.id,p1_0.active,p1_0.name,p1_0.reorder_level,p1_0.sku,p1_0.unit from products p1_0 where p1_0.id=?
2026-09-23T15:40:43.979Z DEBUG 22584 --- [inventory-service] [nio-8080-exec-1] org.hibernate.SQL                        : select au1_0.id,au1_0.enabled,au1_0.password_hash,au1_0.role_name,au1_0.username from users au1_0 where au1_0.username=?
2026-09-23T15:40:44.099Z DEBUG 22584 --- [inventory-service] [nio-8080-exec-1] org.hibernate.SQL                        : select p1_0.id,p1_0.active,p1_0.name,p1_0.reorder_level,p1_0.sku,p1_0.unit from products p1_0 where p1_0.id=?
2026-09-23T15:40:44.102Z DEBUG 22584 --- [inventory-service] [nio-8080-exec-1] org.hibernate.SQL                        : select w1_0.id,w1_0.active,w1_0.city,w1_0.code,w1_0.name from warehouses w1_0 where w1_0.id=?
2026-09-23T15:40:44.107Z DEBUG 22584 --- [inventory-service] [nio-8080-exec-1] c.v.inventory.service.StockService       : Stock cache hit for product 1 in warehouse 1
2026-09-23T15:40:44.204Z DEBUG 22584 --- [inventory-service] [nio-8080-exec-4] org.hibernate.SQL                        : select au1_0.id,au1_0.enabled,au1_0.password_hash,au1_0.role_name,au1_0.username from users au1_0 where au1_0.username=?
2026-09-23T15:40:44.324Z DEBUG 22584 --- [inventory-service] [nio-8080-exec-4] org.hibernate.SQL                        : select p1_0.id,p1_0.active,p1_0.name,p1_0.reorder_level,p1_0.sku,p1_0.unit from products p1_0 where p1_0.id=?
2026-09-23T15:40:44.338Z DEBUG 22584 --- [inventory-service] [nio-8080-exec-4] org.hibernate.SQL                        : select sl1_0.id,sl1_0.product_id,sl1_0.quantity_on_hand,sl1_0.quantity_reserved,sl1_0.updated_at,sl1_0.warehouse_id from stock_levels sl1_0 join warehouses w1_0 on w1_0.id=sl1_0.warehouse_id where sl1_0.product_id=? order by w1_0.id
2026-09-23T15:40:44.345Z DEBUG 22584 --- [inventory-service] [nio-8080-exec-4] org.hibernate.SQL                        : select w1_0.id,w1_0.active,w1_0.city,w1_0.code,w1_0.name from warehouses w1_0 where w1_0.id=?
2026-09-23T15:40:44.349Z DEBUG 22584 --- [inventory-service] [nio-8080-exec-4] org.hibernate.SQL                        : select w1_0.id,w1_0.active,w1_0.city,w1_0.code,w1_0.name from warehouses w1_0 where w1_0.id=?
2026-09-23T15:40:44.351Z DEBUG 22584 --- [inventory-service] [nio-8080-exec-4] org.hibernate.SQL                        : select w1_0.id,w1_0.active,w1_0.city,w1_0.code,w1_0.name from warehouses w1_0 where w1_0.id=?
2026-09-23T15:41:00.985Z DEBUG 22584 --- [inventory-service] [nio-8080-exec-5] org.hibernate.SQL                        : select au1_0.id,au1_0.enabled,au1_0.password_hash,au1_0.role_name,au1_0.username from users au1_0 where au1_0.username=?
2026-09-23T15:41:01.190Z DEBUG 22584 --- [inventory-service] [nio-8080-exec-5] org.hibernate.SQL                        : select sl1_0.id,sl1_0.product_id,sl1_0.quantity_on_hand,sl1_0.quantity_reserved,sl1_0.updated_at,sl1_0.warehouse_id from stock_levels sl1_0 where sl1_0.product_id=? and sl1_0.warehouse_id=?
2026-09-23T15:41:01.196Z DEBUG 22584 --- [inventory-service] [nio-8080-exec-5] org.hibernate.SQL                        : insert into stock_movements (created_at,movement_type,product_id,quantity,reason,reference,warehouse_id) values (?,?,?,?,?,?,?) returning id
2026-09-23T15:41:01.203Z DEBUG 22584 --- [inventory-service] [nio-8080-exec-5] com.vantage.inventory.cache.StockCache   : Evicted stock cache for product 3 in warehouse 1
2026-09-23T15:41:01.204Z DEBUG 22584 --- [inventory-service] [nio-8080-exec-5] org.hibernate.SQL                        : select p1_0.id,p1_0.active,p1_0.name,p1_0.reorder_level,p1_0.sku,p1_0.unit from products p1_0 where p1_0.id=?
2026-09-23T15:41:01.206Z DEBUG 22584 --- [inventory-service] [nio-8080-exec-5] org.hibernate.SQL                        : select w1_0.id,w1_0.active,w1_0.city,w1_0.code,w1_0.name from warehouses w1_0 where w1_0.id=?
2026-09-23T15:41:01.209Z  INFO 22584 --- [inventory-service] [nio-8080-exec-5] c.v.inventory.service.StockService       : Adjusted VS-SSD-0330 in WH-BLR by 15 (Found in returns bay)
2026-09-23T15:41:01.217Z DEBUG 22584 --- [inventory-service] [nio-8080-exec-5] org.hibernate.SQL                        : update stock_levels set product_id=?,quantity_on_hand=?,quantity_reserved=?,updated_at=?,warehouse_id=? where id=?
2026-09-23T15:41:01.328Z DEBUG 22584 --- [inventory-service] [nio-8080-exec-6] org.hibernate.SQL                        : select au1_0.id,au1_0.enabled,au1_0.password_hash,au1_0.role_name,au1_0.username from users au1_0 where au1_0.username=?
2026-09-23T15:41:01.471Z DEBUG 22584 --- [inventory-service] [nio-8080-exec-6] org.hibernate.SQL                        : select sl1_0.id,sl1_0.product_id,sl1_0.quantity_on_hand,sl1_0.quantity_reserved,sl1_0.updated_at,sl1_0.warehouse_id from stock_levels sl1_0 where sl1_0.product_id=? and sl1_0.warehouse_id=?
2026-09-23T15:41:01.488Z DEBUG 22584 --- [inventory-service] [nio-8080-exec-6] com.vantage.inventory.cache.StockCache   : Evicted stock cache for product 3 in warehouse 1
2026-09-23T15:41:01.488Z DEBUG 22584 --- [inventory-service] [nio-8080-exec-6] org.hibernate.SQL                        : select p1_0.id,p1_0.active,p1_0.name,p1_0.reorder_level,p1_0.sku,p1_0.unit from products p1_0 where p1_0.id=?
2026-09-23T15:41:01.492Z DEBUG 22584 --- [inventory-service] [nio-8080-exec-6] org.hibernate.SQL                        : select w1_0.id,w1_0.active,w1_0.city,w1_0.code,w1_0.name from warehouses w1_0 where w1_0.id=?
2026-09-23T15:41:01.495Z  INFO 22584 --- [inventory-service] [nio-8080-exec-6] c.v.inventory.service.StockService       : Adjusted VS-SSD-0330 in WH-BLR by -25 (Damaged in handling)
2026-09-23T15:41:01.497Z DEBUG 22584 --- [inventory-service] [nio-8080-exec-6] org.hibernate.SQL                        : update stock_levels set product_id=?,quantity_on_hand=?,quantity_reserved=?,updated_at=?,warehouse_id=? where id=?
2026-09-23T15:41:02.687Z DEBUG 22584 --- [inventory-service] [nio-8080-exec-8] org.hibernate.SQL                        : select au1_0.id,au1_0.enabled,au1_0.password_hash,au1_0.role_name,au1_0.username from users au1_0 where au1_0.username=?
2026-09-23T15:41:02.829Z DEBUG 22584 --- [inventory-service] [nio-8080-exec-8] org.hibernate.SQL                        : select po1_0.id,po1_0.created_at,po1_0.expected_date,po1_0.po_number,po1_0.status,po1_0.supplier_id,po1_0.warehouse_id from purchase_orders po1_0 where po1_0.id=?
2026-09-23T15:41:02.834Z DEBUG 22584 --- [inventory-service] [nio-8080-exec-8] org.hibernate.SQL                        : select l1_0.purchase_order_id,l1_0.id,l1_0.product_id,l1_0.quantity_ordered,l1_0.quantity_received,l1_0.unit_cost from purchase_order_lines l1_0 where l1_0.purchase_order_id=?
2026-09-23T15:41:02.846Z DEBUG 22584 --- [inventory-service] [nio-8080-exec-8] org.hibernate.SQL                        : select sl1_0.id,sl1_0.product_id,sl1_0.quantity_on_hand,sl1_0.quantity_reserved,sl1_0.updated_at,sl1_0.warehouse_id from stock_levels sl1_0 where sl1_0.product_id=? and sl1_0.warehouse_id=?
2026-09-23T15:41:02.853Z DEBUG 22584 --- [inventory-service] [nio-8080-exec-8] org.hibernate.SQL                        : insert into stock_movements (created_at,movement_type,product_id,quantity,reason,reference,warehouse_id) values (?,?,?,?,?,?,?) returning id
2026-09-23T15:41:02.864Z DEBUG 22584 --- [inventory-service] [nio-8080-exec-8] com.vantage.inventory.cache.StockCache   : Cached stock for product 1 in warehouse 1: 2020 on hand, 180 reserved
2026-09-23T15:41:02.864Z DEBUG 22584 --- [inventory-service] [nio-8080-exec-8] org.hibernate.SQL                        : select p1_0.id,p1_0.active,p1_0.name,p1_0.reorder_level,p1_0.sku,p1_0.unit from products p1_0 where p1_0.id=?
2026-09-23T15:41:02.867Z DEBUG 22584 --- [inventory-service] [nio-8080-exec-8] org.hibernate.SQL                        : select w1_0.id,w1_0.active,w1_0.city,w1_0.code,w1_0.name from warehouses w1_0 where w1_0.id=?
2026-09-23T15:41:02.871Z  INFO 22584 --- [inventory-service] [nio-8080-exec-8] c.v.inventory.service.ReceivingService   : Received 600 x VS-CBL-0101 into WH-BLR against PO-2025-0021
2026-09-23T15:41:02.872Z DEBUG 22584 --- [inventory-service] [nio-8080-exec-8] org.hibernate.SQL                        : select p1_0.id,p1_0.active,p1_0.name,p1_0.reorder_level,p1_0.sku,p1_0.unit from products p1_0 where p1_0.id=?
2026-09-23T15:41:02.879Z DEBUG 22584 --- [inventory-service] [nio-8080-exec-8] org.hibernate.SQL                        : select s1_0.id,s1_0.code,s1_0.email,s1_0.name from suppliers s1_0 where s1_0.id=?
2026-09-23T15:41:02.884Z DEBUG 22584 --- [inventory-service] [nio-8080-exec-8] org.hibernate.SQL                        : update purchase_orders set expected_date=?,po_number=?,status=?,supplier_id=?,warehouse_id=? where id=?
2026-09-23T15:41:02.888Z DEBUG 22584 --- [inventory-service] [nio-8080-exec-8] org.hibernate.SQL                        : update purchase_order_lines set product_id=?,purchase_order_id=?,quantity_ordered=?,quantity_received=?,unit_cost=? where id=?
2026-09-23T15:41:02.892Z DEBUG 22584 --- [inventory-service] [nio-8080-exec-8] org.hibernate.SQL                        : update stock_levels set product_id=?,quantity_on_hand=?,quantity_reserved=?,updated_at=?,warehouse_id=? where id=?
2026-09-23T15:41:03.021Z DEBUG 22584 --- [inventory-service] [io-8080-exec-10] org.hibernate.SQL                        : select au1_0.id,au1_0.enabled,au1_0.password_hash,au1_0.role_name,au1_0.username from users au1_0 where au1_0.username=?
2026-09-23T15:41:03.168Z DEBUG 22584 --- [inventory-service] [io-8080-exec-10] org.hibernate.SQL                        : select po1_0.id,po1_0.created_at,po1_0.expected_date,po1_0.po_number,po1_0.status,po1_0.supplier_id,po1_0.warehouse_id from purchase_orders po1_0 where po1_0.id=?
2026-09-23T15:41:03.172Z DEBUG 22584 --- [inventory-service] [io-8080-exec-10] org.hibernate.SQL                        : select l1_0.purchase_order_id,l1_0.id,l1_0.product_id,l1_0.quantity_ordered,l1_0.quantity_received,l1_0.unit_cost from purchase_order_lines l1_0 where l1_0.purchase_order_id=?
2026-09-23T15:41:03.179Z DEBUG 22584 --- [inventory-service] [io-8080-exec-10] org.hibernate.SQL                        : select sl1_0.id,sl1_0.product_id,sl1_0.quantity_on_hand,sl1_0.quantity_reserved,sl1_0.updated_at,sl1_0.warehouse_id from stock_levels sl1_0 where sl1_0.product_id=? and sl1_0.warehouse_id=?
2026-09-23T15:41:03.183Z DEBUG 22584 --- [inventory-service] [io-8080-exec-10] org.hibernate.SQL                        : insert into stock_movements (created_at,movement_type,product_id,quantity,reason,reference,warehouse_id) values (?,?,?,?,?,?,?) returning id
2026-09-23T15:41:03.189Z DEBUG 22584 --- [inventory-service] [io-8080-exec-10] com.vantage.inventory.cache.StockCache   : Cached stock for product 1 in warehouse 1: 2620 on hand, 180 reserved
2026-09-23T15:41:03.190Z DEBUG 22584 --- [inventory-service] [io-8080-exec-10] org.hibernate.SQL                        : select p1_0.id,p1_0.active,p1_0.name,p1_0.reorder_level,p1_0.sku,p1_0.unit from products p1_0 where p1_0.id=?
2026-09-23T15:41:03.193Z DEBUG 22584 --- [inventory-service] [io-8080-exec-10] org.hibernate.SQL                        : select w1_0.id,w1_0.active,w1_0.city,w1_0.code,w1_0.name from warehouses w1_0 where w1_0.id=?
2026-09-23T15:41:03.195Z  INFO 22584 --- [inventory-service] [io-8080-exec-10] c.v.inventory.service.ReceivingService   : Received 600 x VS-CBL-0101 into WH-BLR against PO-2025-0021
2026-09-23T15:41:03.195Z DEBUG 22584 --- [inventory-service] [io-8080-exec-10] org.hibernate.SQL                        : select p1_0.id,p1_0.active,p1_0.name,p1_0.reorder_level,p1_0.sku,p1_0.unit from products p1_0 where p1_0.id=?
2026-09-23T15:41:03.199Z DEBUG 22584 --- [inventory-service] [io-8080-exec-10] org.hibernate.SQL                        : select s1_0.id,s1_0.code,s1_0.email,s1_0.name from suppliers s1_0 where s1_0.id=?
2026-09-23T15:41:03.203Z DEBUG 22584 --- [inventory-service] [io-8080-exec-10] org.hibernate.SQL                        : update purchase_order_lines set product_id=?,purchase_order_id=?,quantity_ordered=?,quantity_received=?,unit_cost=? where id=?
2026-09-23T15:41:03.205Z DEBUG 22584 --- [inventory-service] [io-8080-exec-10] org.hibernate.SQL                        : update stock_levels set product_id=?,quantity_on_hand=?,quantity_reserved=?,updated_at=?,warehouse_id=? where id=?
2026-09-23T15:41:03.853Z DEBUG 22584 --- [inventory-service] [nio-8080-exec-3] org.hibernate.SQL                        : select au1_0.id,au1_0.enabled,au1_0.password_hash,au1_0.role_name,au1_0.username from users au1_0 where au1_0.username=?
2026-09-23T15:41:03.995Z DEBUG 22584 --- [inventory-service] [nio-8080-exec-3] org.hibernate.SQL                        : select po1_0.id,po1_0.created_at,po1_0.expected_date,po1_0.po_number,po1_0.status,po1_0.supplier_id,po1_0.warehouse_id from purchase_orders po1_0 where po1_0.id=?
2026-09-23T15:41:04.001Z DEBUG 22584 --- [inventory-service] [nio-8080-exec-3] org.hibernate.SQL                        : select l1_0.purchase_order_id,l1_0.id,l1_0.product_id,l1_0.quantity_ordered,l1_0.quantity_received,l1_0.unit_cost from purchase_order_lines l1_0 where l1_0.purchase_order_id=?
2026-09-23T15:41:04.011Z DEBUG 22584 --- [inventory-service] [nio-8080-exec-3] org.hibernate.SQL                        : select sl1_0.id,sl1_0.product_id,sl1_0.quantity_on_hand,sl1_0.quantity_reserved,sl1_0.updated_at,sl1_0.warehouse_id from stock_levels sl1_0 where sl1_0.product_id=? and sl1_0.warehouse_id=?
2026-09-23T15:41:04.015Z DEBUG 22584 --- [inventory-service] [nio-8080-exec-3] org.hibernate.SQL                        : insert into stock_movements (created_at,movement_type,product_id,quantity,reason,reference,warehouse_id) values (?,?,?,?,?,?,?) returning id
2026-09-23T15:41:04.021Z DEBUG 22584 --- [inventory-service] [nio-8080-exec-3] com.vantage.inventory.cache.StockCache   : Cached stock for product 6 in warehouse 1: 3700 on hand, 400 reserved
2026-09-23T15:41:04.022Z DEBUG 22584 --- [inventory-service] [nio-8080-exec-3] org.hibernate.SQL                        : select p1_0.id,p1_0.active,p1_0.name,p1_0.reorder_level,p1_0.sku,p1_0.unit from products p1_0 where p1_0.id=?
2026-09-23T15:41:04.025Z DEBUG 22584 --- [inventory-service] [nio-8080-exec-3] org.hibernate.SQL                        : select w1_0.id,w1_0.active,w1_0.city,w1_0.code,w1_0.name from warehouses w1_0 where w1_0.id=?
2026-09-23T15:41:04.027Z  INFO 22584 --- [inventory-service] [nio-8080-exec-3] c.v.inventory.service.ReceivingService   : Received 100 x VS-BOX-0601 into WH-BLR against PO-2025-0019
2026-09-23T15:41:04.027Z DEBUG 22584 --- [inventory-service] [nio-8080-exec-3] org.hibernate.SQL                        : select s1_0.id,s1_0.code,s1_0.email,s1_0.name from suppliers s1_0 where s1_0.id=?
2026-09-23T15:41:04.031Z DEBUG 22584 --- [inventory-service] [nio-8080-exec-3] org.hibernate.SQL                        : update purchase_order_lines set product_id=?,purchase_order_id=?,quantity_ordered=?,quantity_received=?,unit_cost=? where id=?
2026-09-23T15:41:04.034Z DEBUG 22584 --- [inventory-service] [nio-8080-exec-3] org.hibernate.SQL                        : update stock_levels set product_id=?,quantity_on_hand=?,quantity_reserved=?,updated_at=?,warehouse_id=? where id=?
2026-09-23T15:41:21.084Z DEBUG 22584 --- [inventory-service] [nio-8080-exec-6] org.hibernate.SQL                        : select au1_0.id,au1_0.enabled,au1_0.password_hash,au1_0.role_name,au1_0.username from users au1_0 where au1_0.username=?
2026-09-23T15:41:21.309Z DEBUG 22584 --- [inventory-service] [nio-8080-exec-8] org.hibernate.SQL                        : select au1_0.id,au1_0.enabled,au1_0.password_hash,au1_0.role_name,au1_0.username from users au1_0 where au1_0.username=?
2026-09-23T15:41:21.555Z DEBUG 22584 --- [inventory-service] [io-8080-exec-10] org.hibernate.SQL                        : select au1_0.id,au1_0.enabled,au1_0.password_hash,au1_0.role_name,au1_0.username from users au1_0 where au1_0.username=?
2026-09-23T15:41:21.693Z DEBUG 22584 --- [inventory-service] [io-8080-exec-10] org.hibernate.SQL                        : select p1_0.id,p1_0.active,p1_0.name,p1_0.reorder_level,p1_0.sku,p1_0.unit from products p1_0 where p1_0.id=?
2026-09-23T15:41:21.813Z DEBUG 22584 --- [inventory-service] [nio-8080-exec-1] org.hibernate.SQL                        : select au1_0.id,au1_0.enabled,au1_0.password_hash,au1_0.role_name,au1_0.username from users au1_0 where au1_0.username=?
2026-09-23T15:41:21.960Z DEBUG 22584 --- [inventory-service] [nio-8080-exec-1] org.hibernate.SQL                        : select sl1_0.id,sl1_0.product_id,sl1_0.quantity_on_hand,sl1_0.quantity_reserved,sl1_0.updated_at,sl1_0.warehouse_id from stock_levels sl1_0 where sl1_0.product_id=? and sl1_0.warehouse_id=?
2026-09-23T15:41:21.966Z DEBUG 22584 --- [inventory-service] [nio-8080-exec-1] org.hibernate.SQL                        : select p1_0.id,p1_0.active,p1_0.name,p1_0.reorder_level,p1_0.sku,p1_0.unit from products p1_0 where p1_0.id=?
2026-09-23T15:41:21.969Z DEBUG 22584 --- [inventory-service] [nio-8080-exec-1] org.hibernate.SQL                        : select w1_0.id,w1_0.active,w1_0.city,w1_0.code,w1_0.name from warehouses w1_0 where w1_0.id=?
2026-09-23T15:41:22.106Z DEBUG 22584 --- [inventory-service] [nio-8080-exec-4] org.hibernate.SQL                        : select au1_0.id,au1_0.enabled,au1_0.password_hash,au1_0.role_name,au1_0.username from users au1_0 where au1_0.username=?
2026-09-23T15:41:22.223Z DEBUG 22584 --- [inventory-service] [nio-8080-exec-4] org.hibernate.SQL                        : select po1_0.id,po1_0.created_at,po1_0.expected_date,po1_0.po_number,po1_0.status,po1_0.supplier_id,po1_0.warehouse_id from purchase_orders po1_0 where po1_0.id=?
2026-09-23T15:41:22.229Z DEBUG 22584 --- [inventory-service] [nio-8080-exec-4] org.hibernate.SQL                        : select l1_0.purchase_order_id,l1_0.id,l1_0.product_id,l1_0.quantity_ordered,l1_0.quantity_received,l1_0.unit_cost from purchase_order_lines l1_0 where l1_0.purchase_order_id=?
2026-09-23T15:41:22.365Z DEBUG 22584 --- [inventory-service] [nio-8080-exec-6] org.hibernate.SQL                        : select au1_0.id,au1_0.enabled,au1_0.password_hash,au1_0.role_name,au1_0.username from users au1_0 where au1_0.username=?
2026-09-23T15:41:22.682Z DEBUG 22584 --- [inventory-service] [nio-8080-exec-7] org.hibernate.SQL                        : select au1_0.id,au1_0.enabled,au1_0.password_hash,au1_0.role_name,au1_0.username from users au1_0 where au1_0.username=?
2026-09-23T15:41:22.809Z DEBUG 22584 --- [inventory-service] [nio-8080-exec-7] org.hibernate.SQL                        : select sm1_0.id,sm1_0.created_at,sm1_0.movement_type,sm1_0.product_id,sm1_0.quantity,sm1_0.reason,sm1_0.reference,sm1_0.warehouse_id from stock_movements sm1_0 where sm1_0.product_id=? and sm1_0.warehouse_id=? order by sm1_0.created_at desc fetch first ? rows only
2026-09-23T15:41:22.823Z DEBUG 22584 --- [inventory-service] [nio-8080-exec-7] org.hibernate.SQL                        : select p1_0.id,p1_0.active,p1_0.name,p1_0.reorder_level,p1_0.sku,p1_0.unit from products p1_0 where p1_0.id=?
2026-09-23T15:41:22.827Z DEBUG 22584 --- [inventory-service] [nio-8080-exec-7] org.hibernate.SQL                        : select w1_0.id,w1_0.active,w1_0.city,w1_0.code,w1_0.name from warehouses w1_0 where w1_0.id=?
