
  .   ____          _            __ _ _
 /\\ / ___'_ __ _ _(_)_ __  __ _ \ \ \ \
( ( )\___ | '_ | '_| | '_ \/ _` | \ \ \ \
 \\/  ___)| |_)| | | | | || (_| |  ) ) ) )
  '  |____| .__|_| |_|_| |_\__, | / / / /
 =========|_|==============|___/=/_/_/_/

 :: Spring Boot ::                (v3.3.5)

2026-09-23T21:25:54.281+05:30  INFO 19304 --- [food-ordering-service] [           main] c.spicebox.ordering.OrderingApplication  : Starting OrderingApplication v6.3.0 using Java 22.0.2 with PID 19304 (D:\New folder\realistic projects bugs codes\06-food-ordering\target\food-ordering-service-6.3.0.jar started by P.Abhiram in D:\New folder\realistic projects bugs codes\06-food-ordering)
2026-09-23T21:25:54.284+05:30 DEBUG 19304 --- [food-ordering-service] [           main] c.spicebox.ordering.OrderingApplication  : Running with Spring Boot v3.3.5, Spring v6.1.14
2026-09-23T21:25:54.285+05:30  INFO 19304 --- [food-ordering-service] [           main] c.spicebox.ordering.OrderingApplication  : The following 1 profile is active: "local"
2026-09-23T21:25:55.970+05:30  INFO 19304 --- [food-ordering-service] [           main] .s.d.r.c.RepositoryConfigurationDelegate : Bootstrapping Spring Data JPA repositories in DEFAULT mode.
2026-09-23T21:25:56.076+05:30  INFO 19304 --- [food-ordering-service] [           main] .s.d.r.c.RepositoryConfigurationDelegate : Finished Spring Data repository scanning in 90 ms. Found 5 JPA repository interfaces.
2026-09-23T21:25:57.385+05:30  INFO 19304 --- [food-ordering-service] [           main] o.s.b.w.embedded.tomcat.TomcatWebServer  : Tomcat initialized with port 8080 (http)
2026-09-23T21:25:57.401+05:30  INFO 19304 --- [food-ordering-service] [           main] o.apache.catalina.core.StandardService   : Starting service [Tomcat]
2026-09-23T21:25:57.402+05:30  INFO 19304 --- [food-ordering-service] [           main] o.apache.catalina.core.StandardEngine    : Starting Servlet engine: [Apache Tomcat/10.1.31]
2026-09-23T21:25:57.448+05:30  INFO 19304 --- [food-ordering-service] [           main] o.a.c.c.C.[Tomcat].[localhost].[/]       : Initializing Spring embedded WebApplicationContext
2026-09-23T21:25:57.449+05:30  INFO 19304 --- [food-ordering-service] [           main] w.s.c.ServletWebServerApplicationContext : Root WebApplicationContext: initialization completed in 3096 ms
2026-09-23T21:25:57.751+05:30  INFO 19304 --- [food-ordering-service] [           main] com.zaxxer.hikari.HikariDataSource       : spicebox-pool - Starting...
2026-09-23T21:25:57.997+05:30  INFO 19304 --- [food-ordering-service] [           main] com.zaxxer.hikari.pool.HikariPool        : spicebox-pool - Added connection com.mysql.cj.jdbc.ConnectionImpl@525b8922
2026-09-23T21:25:57.999+05:30  INFO 19304 --- [food-ordering-service] [           main] com.zaxxer.hikari.HikariDataSource       : spicebox-pool - Start completed.
2026-09-23T21:25:58.628+05:30  INFO 19304 --- [food-ordering-service] [           main] o.hibernate.jpa.internal.util.LogHelper  : HHH000204: Processing PersistenceUnitInfo [name: default]
2026-09-23T21:25:58.703+05:30  INFO 19304 --- [food-ordering-service] [           main] org.hibernate.Version                    : HHH000412: Hibernate ORM core version 6.5.3.Final
2026-09-23T21:25:58.747+05:30  INFO 19304 --- [food-ordering-service] [           main] o.h.c.internal.RegionFactoryInitiator    : HHH000026: Second-level cache disabled
2026-09-23T21:25:59.137+05:30  INFO 19304 --- [food-ordering-service] [           main] o.s.o.j.p.SpringPersistenceUnitInfo      : No LoadTimeWeaver setup: ignoring JPA class transformer
2026-09-23T21:26:00.229+05:30  INFO 19304 --- [food-ordering-service] [           main] o.h.e.t.j.p.i.JtaPlatformInitiator       : HHH000489: No JTA platform available (set 'hibernate.transaction.jta.platform' to enable JTA platform integration)
2026-09-23T21:26:00.231+05:30  INFO 19304 --- [food-ordering-service] [           main] j.LocalContainerEntityManagerFactoryBean : Initialized JPA EntityManagerFactory for persistence unit 'default'
2026-09-23T21:26:01.301+05:30  INFO 19304 --- [food-ordering-service] [           main] r$InitializeUserDetailsManagerConfigurer : Global AuthenticationManager configured with UserDetailsService bean with name spiceboxUserDetailsService
2026-09-23T21:26:01.798+05:30  INFO 19304 --- [food-ordering-service] [           main] o.s.b.a.e.web.EndpointLinksResolver      : Exposing 2 endpoints beneath base path '/actuator'
2026-09-23T21:26:02.439+05:30  INFO 19304 --- [food-ordering-service] [           main] o.s.b.w.embedded.tomcat.TomcatWebServer  : Tomcat started on port 8080 (http) with context path '/'
2026-09-23T21:26:02.444+05:30  INFO 19304 --- [food-ordering-service] [           main] o.s.a.r.c.CachingConnectionFactory       : Attempting to connect to: [localhost:5672]
2026-09-23T21:26:02.502+05:30  INFO 19304 --- [food-ordering-service] [           main] o.s.a.r.c.CachingConnectionFactory       : Created new connection: rabbitConnectionFactory#5d9639bb:0/SimpleConnection@6b5dc4bb [delegate=amqp://labuser@127.0.0.1:5672/, localPort=38639]
2026-09-23T21:26:02.607+05:30  INFO 19304 --- [food-ordering-service] [           main] c.spicebox.ordering.OrderingApplication  : Started OrderingApplication in 8.968 seconds (process running for 9.642)
2026-09-23T21:26:02.740+05:30  INFO 19304 --- [food-ordering-service] [nio-8080-exec-2] o.a.c.c.C.[Tomcat].[localhost].[/]       : Initializing Spring DispatcherServlet 'dispatcherServlet'
2026-09-23T21:26:02.742+05:30  INFO 19304 --- [food-ordering-service] [nio-8080-exec-2] o.s.web.servlet.DispatcherServlet        : Initializing Servlet 'dispatcherServlet'
2026-09-23T21:26:02.742+05:30  INFO 19304 --- [food-ordering-service] [nio-8080-exec-2] o.s.web.servlet.DispatcherServlet        : Completed initialization in 0 ms
2026-09-23T21:26:14.519+05:30 DEBUG 19304 --- [food-ordering-service] [nio-8080-exec-4] org.hibernate.SQL                        : select c1_0.id,c1_0.created_at,c1_0.default_address,c1_0.email,c1_0.full_name,c1_0.password_hash,c1_0.phone,c1_0.role_name from customers c1_0 where c1_0.email=?
2026-09-23T21:26:14.787+05:30 DEBUG 19304 --- [food-ordering-service] [nio-8080-exec-4] org.hibernate.SQL                        : select c1_0.id,c1_0.created_at,c1_0.default_address,c1_0.email,c1_0.full_name,c1_0.password_hash,c1_0.phone,c1_0.role_name from customers c1_0 where c1_0.id=?
2026-09-23T21:26:14.795+05:30 DEBUG 19304 --- [food-ordering-service] [nio-8080-exec-4] org.hibernate.SQL                        : select mi1_0.id,mi1_0.available,mi1_0.category,mi1_0.description,mi1_0.name,mi1_0.price,mi1_0.restaurant_id from menu_items mi1_0 where mi1_0.id=?
2026-09-23T21:26:14.803+05:30 DEBUG 19304 --- [food-ordering-service] [nio-8080-exec-4] org.hibernate.SQL                        : select r1_0.id,r1_0.active,r1_0.city,r1_0.cuisine,r1_0.name,r1_0.prep_minutes from restaurants r1_0 where r1_0.id=?
2026-09-23T21:26:14.817+05:30 DEBUG 19304 --- [food-ordering-service] [nio-8080-exec-4] org.hibernate.SQL                        : select fo1_0.id from food_orders fo1_0 where fo1_0.order_code=? limit ?
2026-09-23T21:26:14.822+05:30 DEBUG 19304 --- [food-ordering-service] [nio-8080-exec-4] org.hibernate.SQL                        : select mi1_0.id,mi1_0.available,mi1_0.category,mi1_0.description,mi1_0.name,mi1_0.price,mi1_0.restaurant_id from menu_items mi1_0 where mi1_0.id=?
2026-09-23T21:26:14.844+05:30 DEBUG 19304 --- [food-ordering-service] [nio-8080-exec-4] org.hibernate.SQL                        : insert into food_orders (customer_id,delivery_address,delivery_fee,order_code,placed_at,restaurant_id,status,subtotal,total_amount,updated_at) values (?,?,?,?,?,?,?,?,?,?)
2026-09-23T21:26:14.862+05:30 DEBUG 19304 --- [food-ordering-service] [nio-8080-exec-4] org.hibernate.SQL                        : insert into order_items (item_name,line_total,menu_item_id,order_id,quantity,unit_price) values (?,?,?,?,?,?)
2026-09-23T21:26:14.865+05:30 DEBUG 19304 --- [food-ordering-service] [nio-8080-exec-4] org.hibernate.SQL                        : insert into order_items (item_name,line_total,menu_item_id,order_id,quantity,unit_price) values (?,?,?,?,?,?)
2026-09-23T21:26:14.876+05:30 DEBUG 19304 --- [food-ordering-service] [         task-1] org.hibernate.SQL                        : select fo1_0.id,fo1_0.customer_id,fo1_0.delivery_address,fo1_0.delivery_fee,fo1_0.order_code,fo1_0.placed_at,fo1_0.restaurant_id,fo1_0.status,fo1_0.subtotal,fo1_0.total_amount,fo1_0.updated_at from food_orders fo1_0 where fo1_0.id=?
2026-09-23T21:26:14.889+05:30 ERROR 19304 --- [food-ordering-service] [         task-1] .a.i.SimpleAsyncUncaughtExceptionHandler : Unexpected exception occurred invoking async method: public void com.spicebox.ordering.service.KitchenIntakeListener.onOrderPlaced(com.spicebox.ordering.service.OrderPlacedEvent)

com.spicebox.ordering.exception.ResourceNotFoundException: Order not found: 4
	at com.spicebox.ordering.service.KitchenIntakeListener.lambda$onOrderPlaced$0(KitchenIntakeListener.java:34) ~[!/:6.3.0]
	at java.base/java.util.Optional.orElseThrow(Optional.java:403) ~[na:na]
	at com.spicebox.ordering.service.KitchenIntakeListener.onOrderPlaced(KitchenIntakeListener.java:34) ~[!/:6.3.0]
	at java.base/jdk.internal.reflect.DirectMethodHandleAccessor.invoke(DirectMethodHandleAccessor.java:103) ~[na:na]
	at java.base/java.lang.reflect.Method.invoke(Method.java:580) ~[na:na]
	at org.springframework.aop.support.AopUtils.invokeJoinpointUsingReflection(AopUtils.java:355) ~[spring-aop-6.1.14.jar!/:6.1.14]
	at org.springframework.aop.framework.ReflectiveMethodInvocation.invokeJoinpoint(ReflectiveMethodInvocation.java:196) ~[spring-aop-6.1.14.jar!/:6.1.14]
	at org.springframework.aop.framework.ReflectiveMethodInvocation.proceed(ReflectiveMethodInvocation.java:163) ~[spring-aop-6.1.14.jar!/:6.1.14]
	at org.springframework.aop.framework.CglibAopProxy$CglibMethodInvocation.proceed(CglibAopProxy.java:768) ~[spring-aop-6.1.14.jar!/:6.1.14]
	at org.springframework.transaction.interceptor.TransactionAspectSupport.invokeWithinTransaction(TransactionAspectSupport.java:379) ~[spring-tx-6.1.14.jar!/:6.1.14]
	at org.springframework.transaction.interceptor.TransactionInterceptor.invoke(TransactionInterceptor.java:119) ~[spring-tx-6.1.14.jar!/:6.1.14]
	at org.springframework.aop.framework.ReflectiveMethodInvocation.proceed(ReflectiveMethodInvocation.java:184) ~[spring-aop-6.1.14.jar!/:6.1.14]
	at org.springframework.aop.framework.CglibAopProxy$CglibMethodInvocation.proceed(CglibAopProxy.java:768) ~[spring-aop-6.1.14.jar!/:6.1.14]
	at org.springframework.aop.interceptor.AsyncExecutionInterceptor.lambda$invoke$0(AsyncExecutionInterceptor.java:113) ~[spring-aop-6.1.14.jar!/:6.1.14]
	at java.base/java.util.concurrent.FutureTask.run(FutureTask.java:317) ~[na:na]
	at java.base/java.util.concurrent.ThreadPoolExecutor.runWorker(ThreadPoolExecutor.java:1144) ~[na:na]
	at java.base/java.util.concurrent.ThreadPoolExecutor$Worker.run(ThreadPoolExecutor.java:642) ~[na:na]
	at java.base/java.lang.Thread.run(Thread.java:1570) ~[na:na]

2026-09-23T21:26:14.896+05:30 DEBUG 19304 --- [food-ordering-service] [nio-8080-exec-4] c.s.o.messaging.OrderEventPublisher      : Published SPX-20260923-6645 to food.orders with routing key order.placed
2026-09-23T21:26:14.896+05:30  INFO 19304 --- [food-ordering-service] [nio-8080-exec-4] c.s.ordering.service.OrderService        : Order SPX-20260923-6645 placed by ayesha.khan@example.com at Curry Leaf Kitchen for 379.00
2026-09-23T21:26:14.904+05:30 ERROR 19304 --- [food-ordering-service] [         task-2] .a.i.SimpleAsyncUncaughtExceptionHandler : Unexpected exception occurred invoking async method: public void com.spicebox.ordering.service.NotificationService.sendOrderConfirmation(java.lang.Long)

java.lang.NullPointerException: Cannot invoke "org.springframework.security.core.Authentication.getName()" because the return value of "org.springframework.security.core.context.SecurityContext.getAuthentication()" is null
	at com.spicebox.ordering.service.NotificationService.sendOrderConfirmation(NotificationService.java:43) ~[!/:6.3.0]
	at java.base/jdk.internal.reflect.DirectMethodHandleAccessor.invoke(DirectMethodHandleAccessor.java:103) ~[na:na]
	at java.base/java.lang.reflect.Method.invoke(Method.java:580) ~[na:na]
	at org.springframework.aop.support.AopUtils.invokeJoinpointUsingReflection(AopUtils.java:355) ~[spring-aop-6.1.14.jar!/:6.1.14]
	at org.springframework.aop.framework.ReflectiveMethodInvocation.invokeJoinpoint(ReflectiveMethodInvocation.java:196) ~[spring-aop-6.1.14.jar!/:6.1.14]
	at org.springframework.aop.framework.ReflectiveMethodInvocation.proceed(ReflectiveMethodInvocation.java:163) ~[spring-aop-6.1.14.jar!/:6.1.14]
	at org.springframework.aop.framework.CglibAopProxy$CglibMethodInvocation.proceed(CglibAopProxy.java:768) ~[spring-aop-6.1.14.jar!/:6.1.14]
	at org.springframework.transaction.interceptor.TransactionAspectSupport.invokeWithinTransaction(TransactionAspectSupport.java:379) ~[spring-tx-6.1.14.jar!/:6.1.14]
	at org.springframework.transaction.interceptor.TransactionInterceptor.invoke(TransactionInterceptor.java:119) ~[spring-tx-6.1.14.jar!/:6.1.14]
	at org.springframework.aop.framework.ReflectiveMethodInvocation.proceed(ReflectiveMethodInvocation.java:184) ~[spring-aop-6.1.14.jar!/:6.1.14]
	at org.springframework.aop.framework.CglibAopProxy$CglibMethodInvocation.proceed(CglibAopProxy.java:768) ~[spring-aop-6.1.14.jar!/:6.1.14]
	at org.springframework.aop.interceptor.AsyncExecutionInterceptor.lambda$invoke$0(AsyncExecutionInterceptor.java:113) ~[spring-aop-6.1.14.jar!/:6.1.14]
	at java.base/java.util.concurrent.FutureTask.run(FutureTask.java:317) ~[na:na]
	at java.base/java.util.concurrent.ThreadPoolExecutor.runWorker(ThreadPoolExecutor.java:1144) ~[na:na]
	at java.base/java.util.concurrent.ThreadPoolExecutor$Worker.run(ThreadPoolExecutor.java:642) ~[na:na]
	at java.base/java.lang.Thread.run(Thread.java:1570) ~[na:na]

2026-09-23T21:26:14.914+05:30  INFO 19304 --- [food-ordering-service] [ntContainer#0-1] c.s.o.messaging.AnalyticsListener        : Analytics recorded order SPX-20260923-6645 from restaurant Curry Leaf Kitchen worth 379.00
2026-09-23T21:26:35.091+05:30 DEBUG 19304 --- [food-ordering-service] [nio-8080-exec-6] org.hibernate.SQL                        : select c1_0.id,c1_0.created_at,c1_0.default_address,c1_0.email,c1_0.full_name,c1_0.password_hash,c1_0.phone,c1_0.role_name from customers c1_0 where c1_0.email=?
2026-09-23T21:26:35.191+05:30 DEBUG 19304 --- [food-ordering-service] [nio-8080-exec-6] org.hibernate.SQL                        : select fo1_0.id,fo1_0.customer_id,fo1_0.delivery_address,fo1_0.delivery_fee,fo1_0.order_code,fo1_0.placed_at,fo1_0.restaurant_id,fo1_0.status,fo1_0.subtotal,fo1_0.total_amount,fo1_0.updated_at from food_orders fo1_0 where fo1_0.id=?
2026-09-23T21:26:35.199+05:30  INFO 19304 --- [food-ordering-service] [nio-8080-exec-6] c.s.ordering.service.OrderStatusService  : Order SPX-20260923-6645 moved from PLACED to DELIVERED
2026-09-23T21:26:35.204+05:30 DEBUG 19304 --- [food-ordering-service] [nio-8080-exec-6] org.hibernate.SQL                        : select i1_0.order_id,i1_0.id,i1_0.item_name,i1_0.line_total,i1_0.menu_item_id,i1_0.quantity,i1_0.unit_price from order_items i1_0 where i1_0.order_id=?
2026-09-23T21:26:35.212+05:30 DEBUG 19304 --- [food-ordering-service] [nio-8080-exec-6] org.hibernate.SQL                        : select r1_0.id,r1_0.active,r1_0.city,r1_0.cuisine,r1_0.name,r1_0.prep_minutes from restaurants r1_0 where r1_0.id=?
2026-09-23T21:26:35.224+05:30 DEBUG 19304 --- [food-ordering-service] [nio-8080-exec-6] org.hibernate.SQL                        : update food_orders set customer_id=?,delivery_address=?,delivery_fee=?,order_code=?,restaurant_id=?,status=?,subtotal=?,total_amount=?,updated_at=? where id=?
2026-09-23T21:26:35.348+05:30 DEBUG 19304 --- [food-ordering-service] [nio-8080-exec-8] org.hibernate.SQL                        : select c1_0.id,c1_0.created_at,c1_0.default_address,c1_0.email,c1_0.full_name,c1_0.password_hash,c1_0.phone,c1_0.role_name from customers c1_0 where c1_0.email=?
2026-09-23T21:26:35.436+05:30 DEBUG 19304 --- [food-ordering-service] [nio-8080-exec-8] org.hibernate.SQL                        : select fo1_0.id,fo1_0.customer_id,fo1_0.delivery_address,fo1_0.delivery_fee,fo1_0.order_code,fo1_0.placed_at,fo1_0.restaurant_id,fo1_0.status,fo1_0.subtotal,fo1_0.total_amount,fo1_0.updated_at from food_orders fo1_0 where fo1_0.id=?
2026-09-23T21:26:35.439+05:30  INFO 19304 --- [food-ordering-service] [nio-8080-exec-8] c.s.ordering.service.OrderStatusService  : Order SPX-20260923-6645 moved from DELIVERED to PREPARING
2026-09-23T21:26:35.439+05:30 DEBUG 19304 --- [food-ordering-service] [nio-8080-exec-8] org.hibernate.SQL                        : select i1_0.order_id,i1_0.id,i1_0.item_name,i1_0.line_total,i1_0.menu_item_id,i1_0.quantity,i1_0.unit_price from order_items i1_0 where i1_0.order_id=?
2026-09-23T21:26:35.442+05:30 DEBUG 19304 --- [food-ordering-service] [nio-8080-exec-8] org.hibernate.SQL                        : select r1_0.id,r1_0.active,r1_0.city,r1_0.cuisine,r1_0.name,r1_0.prep_minutes from restaurants r1_0 where r1_0.id=?
2026-09-23T21:26:35.445+05:30 DEBUG 19304 --- [food-ordering-service] [nio-8080-exec-8] org.hibernate.SQL                        : update food_orders set customer_id=?,delivery_address=?,delivery_fee=?,order_code=?,restaurant_id=?,status=?,subtotal=?,total_amount=?,updated_at=? where id=?
2026-09-23T21:26:35.569+05:30 DEBUG 19304 --- [food-ordering-service] [io-8080-exec-10] org.hibernate.SQL                        : select c1_0.id,c1_0.created_at,c1_0.default_address,c1_0.email,c1_0.full_name,c1_0.password_hash,c1_0.phone,c1_0.role_name from customers c1_0 where c1_0.email=?
2026-09-23T21:26:35.661+05:30 DEBUG 19304 --- [food-ordering-service] [io-8080-exec-10] org.hibernate.SQL                        : select fo1_0.id,fo1_0.customer_id,fo1_0.delivery_address,fo1_0.delivery_fee,fo1_0.order_code,fo1_0.placed_at,fo1_0.restaurant_id,fo1_0.status,fo1_0.subtotal,fo1_0.total_amount,fo1_0.updated_at from food_orders fo1_0 where fo1_0.id=?
2026-09-23T21:26:35.664+05:30 DEBUG 19304 --- [food-ordering-service] [io-8080-exec-10] org.hibernate.SQL                        : select r1_0.id,r1_0.active,r1_0.city,r1_0.cuisine,r1_0.name,r1_0.prep_minutes from restaurants r1_0 where r1_0.id=?
2026-09-23T21:26:35.667+05:30 DEBUG 19304 --- [food-ordering-service] [io-8080-exec-10] c.s.o.messaging.OrderEventPublisher      : Published SPX-20260923-6645 to food.orders with routing key order.ready-for-pickup
2026-09-23T21:26:35.667+05:30  INFO 19304 --- [food-ordering-service] [io-8080-exec-10] c.s.ordering.service.OrderStatusService  : Order SPX-20260923-6645 moved from PREPARING to READY_FOR_PICKUP
2026-09-23T21:26:35.667+05:30 DEBUG 19304 --- [food-ordering-service] [io-8080-exec-10] org.hibernate.SQL                        : select i1_0.order_id,i1_0.id,i1_0.item_name,i1_0.line_total,i1_0.menu_item_id,i1_0.quantity,i1_0.unit_price from order_items i1_0 where i1_0.order_id=?
2026-09-23T21:26:35.671+05:30 DEBUG 19304 --- [food-ordering-service] [io-8080-exec-10] org.hibernate.SQL                        : update food_orders set customer_id=?,delivery_address=?,delivery_fee=?,order_code=?,restaurant_id=?,status=?,subtotal=?,total_amount=?,updated_at=? where id=?
2026-09-23T21:26:41.009+05:30 DEBUG 19304 --- [food-ordering-service] [nio-8080-exec-1] org.hibernate.SQL                        : select c1_0.id,c1_0.created_at,c1_0.default_address,c1_0.email,c1_0.full_name,c1_0.password_hash,c1_0.phone,c1_0.role_name from customers c1_0 where c1_0.email=?
2026-09-23T21:26:41.129+05:30 DEBUG 19304 --- [food-ordering-service] [nio-8080-exec-1] org.hibernate.SQL                        : select c1_0.id,c1_0.created_at,c1_0.default_address,c1_0.email,c1_0.full_name,c1_0.password_hash,c1_0.phone,c1_0.role_name from customers c1_0 where c1_0.id=?
2026-09-23T21:26:41.132+05:30 DEBUG 19304 --- [food-ordering-service] [nio-8080-exec-1] org.hibernate.SQL                        : select mi1_0.id,mi1_0.available,mi1_0.category,mi1_0.description,mi1_0.name,mi1_0.price,mi1_0.restaurant_id from menu_items mi1_0 where mi1_0.id=?
2026-09-23T21:26:41.134+05:30 DEBUG 19304 --- [food-ordering-service] [nio-8080-exec-1] org.hibernate.SQL                        : select r1_0.id,r1_0.active,r1_0.city,r1_0.cuisine,r1_0.name,r1_0.prep_minutes from restaurants r1_0 where r1_0.id=?
2026-09-23T21:26:41.138+05:30 DEBUG 19304 --- [food-ordering-service] [nio-8080-exec-1] org.hibernate.SQL                        : select fo1_0.id from food_orders fo1_0 where fo1_0.order_code=? limit ?
2026-09-23T21:26:41.140+05:30 DEBUG 19304 --- [food-ordering-service] [nio-8080-exec-1] org.hibernate.SQL                        : select mi1_0.id,mi1_0.available,mi1_0.category,mi1_0.description,mi1_0.name,mi1_0.price,mi1_0.restaurant_id from menu_items mi1_0 where mi1_0.id=?
2026-09-23T21:26:41.143+05:30 DEBUG 19304 --- [food-ordering-service] [nio-8080-exec-1] org.hibernate.SQL                        : insert into food_orders (customer_id,delivery_address,delivery_fee,order_code,placed_at,restaurant_id,status,subtotal,total_amount,updated_at) values (?,?,?,?,?,?,?,?,?,?)
2026-09-23T21:26:41.147+05:30 DEBUG 19304 --- [food-ordering-service] [nio-8080-exec-1] org.hibernate.SQL                        : insert into order_items (item_name,line_total,menu_item_id,order_id,quantity,unit_price) values (?,?,?,?,?,?)
2026-09-23T21:26:41.149+05:30 DEBUG 19304 --- [food-ordering-service] [nio-8080-exec-1] org.hibernate.SQL                        : insert into order_items (item_name,line_total,menu_item_id,order_id,quantity,unit_price) values (?,?,?,?,?,?)
2026-09-23T21:26:41.152+05:30 DEBUG 19304 --- [food-ordering-service] [nio-8080-exec-1] c.s.o.messaging.OrderEventPublisher      : Published SPX-20260923-7096 to food.orders with routing key order.placed
2026-09-23T21:26:41.152+05:30  INFO 19304 --- [food-ordering-service] [nio-8080-exec-1] c.s.ordering.service.OrderService        : Order SPX-20260923-7096 placed by ayesha.khan@example.com at Curry Leaf Kitchen for 560.00
2026-09-23T21:26:41.155+05:30 DEBUG 19304 --- [food-ordering-service] [         task-3] org.hibernate.SQL                        : select fo1_0.id,fo1_0.customer_id,fo1_0.delivery_address,fo1_0.delivery_fee,fo1_0.order_code,fo1_0.placed_at,fo1_0.restaurant_id,fo1_0.status,fo1_0.subtotal,fo1_0.total_amount,fo1_0.updated_at from food_orders fo1_0 where fo1_0.id=?
2026-09-23T21:26:41.156+05:30  INFO 19304 --- [food-ordering-service] [ntContainer#0-1] c.s.o.messaging.AnalyticsListener        : Analytics recorded order SPX-20260923-7096 from restaurant Curry Leaf Kitchen worth 560.00
2026-09-23T21:26:41.160+05:30 ERROR 19304 --- [food-ordering-service] [         task-4] .a.i.SimpleAsyncUncaughtExceptionHandler : Unexpected exception occurred invoking async method: public void com.spicebox.ordering.service.NotificationService.sendOrderConfirmation(java.lang.Long)

java.lang.NullPointerException: Cannot invoke "org.springframework.security.core.Authentication.getName()" because the return value of "org.springframework.security.core.context.SecurityContext.getAuthentication()" is null
	at com.spicebox.ordering.service.NotificationService.sendOrderConfirmation(NotificationService.java:43) ~[!/:6.3.0]
	at java.base/jdk.internal.reflect.DirectMethodHandleAccessor.invoke(DirectMethodHandleAccessor.java:103) ~[na:na]
	at java.base/java.lang.reflect.Method.invoke(Method.java:580) ~[na:na]
	at org.springframework.aop.support.AopUtils.invokeJoinpointUsingReflection(AopUtils.java:355) ~[spring-aop-6.1.14.jar!/:6.1.14]
	at org.springframework.aop.framework.ReflectiveMethodInvocation.invokeJoinpoint(ReflectiveMethodInvocation.java:196) ~[spring-aop-6.1.14.jar!/:6.1.14]
	at org.springframework.aop.framework.ReflectiveMethodInvocation.proceed(ReflectiveMethodInvocation.java:163) ~[spring-aop-6.1.14.jar!/:6.1.14]
	at org.springframework.aop.framework.CglibAopProxy$CglibMethodInvocation.proceed(CglibAopProxy.java:768) ~[spring-aop-6.1.14.jar!/:6.1.14]
	at org.springframework.transaction.interceptor.TransactionAspectSupport.invokeWithinTransaction(TransactionAspectSupport.java:379) ~[spring-tx-6.1.14.jar!/:6.1.14]
	at org.springframework.transaction.interceptor.TransactionInterceptor.invoke(TransactionInterceptor.java:119) ~[spring-tx-6.1.14.jar!/:6.1.14]
	at org.springframework.aop.framework.ReflectiveMethodInvocation.proceed(ReflectiveMethodInvocation.java:184) ~[spring-aop-6.1.14.jar!/:6.1.14]
	at org.springframework.aop.framework.CglibAopProxy$CglibMethodInvocation.proceed(CglibAopProxy.java:768) ~[spring-aop-6.1.14.jar!/:6.1.14]
	at org.springframework.aop.interceptor.AsyncExecutionInterceptor.lambda$invoke$0(AsyncExecutionInterceptor.java:113) ~[spring-aop-6.1.14.jar!/:6.1.14]
	at java.base/java.util.concurrent.FutureTask.run(FutureTask.java:317) ~[na:na]
	at java.base/java.util.concurrent.ThreadPoolExecutor.runWorker(ThreadPoolExecutor.java:1144) ~[na:na]
	at java.base/java.util.concurrent.ThreadPoolExecutor$Worker.run(ThreadPoolExecutor.java:642) ~[na:na]
	at java.base/java.lang.Thread.run(Thread.java:1570) ~[na:na]

2026-09-23T21:26:41.162+05:30 ERROR 19304 --- [food-ordering-service] [         task-3] .a.i.SimpleAsyncUncaughtExceptionHandler : Unexpected exception occurred invoking async method: public void com.spicebox.ordering.service.KitchenIntakeListener.onOrderPlaced(com.spicebox.ordering.service.OrderPlacedEvent)

com.spicebox.ordering.exception.ResourceNotFoundException: Order not found: 5
	at com.spicebox.ordering.service.KitchenIntakeListener.lambda$onOrderPlaced$0(KitchenIntakeListener.java:34) ~[!/:6.3.0]
	at java.base/java.util.Optional.orElseThrow(Optional.java:403) ~[na:na]
	at com.spicebox.ordering.service.KitchenIntakeListener.onOrderPlaced(KitchenIntakeListener.java:34) ~[!/:6.3.0]
	at java.base/jdk.internal.reflect.DirectMethodHandleAccessor.invoke(DirectMethodHandleAccessor.java:103) ~[na:na]
	at java.base/java.lang.reflect.Method.invoke(Method.java:580) ~[na:na]
	at org.springframework.aop.support.AopUtils.invokeJoinpointUsingReflection(AopUtils.java:355) ~[spring-aop-6.1.14.jar!/:6.1.14]
	at org.springframework.aop.framework.ReflectiveMethodInvocation.invokeJoinpoint(ReflectiveMethodInvocation.java:196) ~[spring-aop-6.1.14.jar!/:6.1.14]
	at org.springframework.aop.framework.ReflectiveMethodInvocation.proceed(ReflectiveMethodInvocation.java:163) ~[spring-aop-6.1.14.jar!/:6.1.14]
	at org.springframework.aop.framework.CglibAopProxy$CglibMethodInvocation.proceed(CglibAopProxy.java:768) ~[spring-aop-6.1.14.jar!/:6.1.14]
	at org.springframework.transaction.interceptor.TransactionAspectSupport.invokeWithinTransaction(TransactionAspectSupport.java:379) ~[spring-tx-6.1.14.jar!/:6.1.14]
	at org.springframework.transaction.interceptor.TransactionInterceptor.invoke(TransactionInterceptor.java:119) ~[spring-tx-6.1.14.jar!/:6.1.14]
	at org.springframework.aop.framework.ReflectiveMethodInvocation.proceed(ReflectiveMethodInvocation.java:184) ~[spring-aop-6.1.14.jar!/:6.1.14]
	at org.springframework.aop.framework.CglibAopProxy$CglibMethodInvocation.proceed(CglibAopProxy.java:768) ~[spring-aop-6.1.14.jar!/:6.1.14]
	at org.springframework.aop.interceptor.AsyncExecutionInterceptor.lambda$invoke$0(AsyncExecutionInterceptor.java:113) ~[spring-aop-6.1.14.jar!/:6.1.14]
	at java.base/java.util.concurrent.FutureTask.run(FutureTask.java:317) ~[na:na]
	at java.base/java.util.concurrent.ThreadPoolExecutor.runWorker(ThreadPoolExecutor.java:1144) ~[na:na]
	at java.base/java.util.concurrent.ThreadPoolExecutor$Worker.run(ThreadPoolExecutor.java:642) ~[na:na]
	at java.base/java.lang.Thread.run(Thread.java:1570) ~[na:na]

2026-09-23T21:27:09.723+05:30 DEBUG 19304 --- [food-ordering-service] [nio-8080-exec-4] org.hibernate.SQL                        : select r1_0.id,r1_0.active,r1_0.city,r1_0.cuisine,r1_0.name,r1_0.prep_minutes from restaurants r1_0 where r1_0.active order by r1_0.name
2026-09-23T21:27:09.971+05:30 DEBUG 19304 --- [food-ordering-service] [nio-8080-exec-8] org.hibernate.SQL                        : select c1_0.id,c1_0.created_at,c1_0.default_address,c1_0.email,c1_0.full_name,c1_0.password_hash,c1_0.phone,c1_0.role_name from customers c1_0 where c1_0.email=?
2026-09-23T21:27:10.159+05:30 DEBUG 19304 --- [food-ordering-service] [io-8080-exec-10] org.hibernate.SQL                        : select c1_0.id,c1_0.created_at,c1_0.default_address,c1_0.email,c1_0.full_name,c1_0.password_hash,c1_0.phone,c1_0.role_name from customers c1_0 where c1_0.email=?
2026-09-23T21:27:10.353+05:30 DEBUG 19304 --- [food-ordering-service] [nio-8080-exec-2] org.hibernate.SQL                        : select c1_0.id,c1_0.created_at,c1_0.default_address,c1_0.email,c1_0.full_name,c1_0.password_hash,c1_0.phone,c1_0.role_name from customers c1_0 where c1_0.email=?
2026-09-23T21:27:10.441+05:30 DEBUG 19304 --- [food-ordering-service] [nio-8080-exec-2] org.hibernate.SQL                        : select c1_0.id,c1_0.created_at,c1_0.default_address,c1_0.email,c1_0.full_name,c1_0.password_hash,c1_0.phone,c1_0.role_name from customers c1_0 where c1_0.id=?
2026-09-23T21:27:10.443+05:30 DEBUG 19304 --- [food-ordering-service] [nio-8080-exec-2] org.hibernate.SQL                        : select mi1_0.id,mi1_0.available,mi1_0.category,mi1_0.description,mi1_0.name,mi1_0.price,mi1_0.restaurant_id from menu_items mi1_0 where mi1_0.id=?
2026-09-23T21:27:10.446+05:30 DEBUG 19304 --- [food-ordering-service] [nio-8080-exec-2] org.hibernate.SQL                        : select r1_0.id,r1_0.active,r1_0.city,r1_0.cuisine,r1_0.name,r1_0.prep_minutes from restaurants r1_0 where r1_0.id=?
2026-09-23T21:27:10.449+05:30 DEBUG 19304 --- [food-ordering-service] [nio-8080-exec-2] org.hibernate.SQL                        : select fo1_0.id from food_orders fo1_0 where fo1_0.order_code=? limit ?
2026-09-23T21:27:10.550+05:30 DEBUG 19304 --- [food-ordering-service] [nio-8080-exec-3] org.hibernate.SQL                        : select c1_0.id,c1_0.created_at,c1_0.default_address,c1_0.email,c1_0.full_name,c1_0.password_hash,c1_0.phone,c1_0.role_name from customers c1_0 where c1_0.email=?
2026-09-23T21:27:10.634+05:30 DEBUG 19304 --- [food-ordering-service] [nio-8080-exec-3] org.hibernate.SQL                        : select c1_0.id,c1_0.created_at,c1_0.default_address,c1_0.email,c1_0.full_name,c1_0.password_hash,c1_0.phone,c1_0.role_name from customers c1_0 where c1_0.id=?
2026-09-23T21:27:10.637+05:30 DEBUG 19304 --- [food-ordering-service] [nio-8080-exec-3] org.hibernate.SQL                        : select mi1_0.id,mi1_0.available,mi1_0.category,mi1_0.description,mi1_0.name,mi1_0.price,mi1_0.restaurant_id from menu_items mi1_0 where mi1_0.id=?
2026-09-23T21:27:10.642+05:30 DEBUG 19304 --- [food-ordering-service] [nio-8080-exec-3] org.hibernate.SQL                        : select r1_0.id,r1_0.active,r1_0.city,r1_0.cuisine,r1_0.name,r1_0.prep_minutes from restaurants r1_0 where r1_0.id=?
2026-09-23T21:27:10.645+05:30 DEBUG 19304 --- [food-ordering-service] [nio-8080-exec-3] org.hibernate.SQL                        : select fo1_0.id from food_orders fo1_0 where fo1_0.order_code=? limit ?
2026-09-23T21:27:10.743+05:30 DEBUG 19304 --- [food-ordering-service] [nio-8080-exec-9] org.hibernate.SQL                        : select c1_0.id,c1_0.created_at,c1_0.default_address,c1_0.email,c1_0.full_name,c1_0.password_hash,c1_0.phone,c1_0.role_name from customers c1_0 where c1_0.email=?
2026-09-23T21:27:10.856+05:30 DEBUG 19304 --- [food-ordering-service] [nio-8080-exec-9] org.hibernate.SQL                        : select c1_0.id,c1_0.created_at,c1_0.default_address,c1_0.email,c1_0.full_name,c1_0.password_hash,c1_0.phone,c1_0.role_name from customers c1_0 where c1_0.id=?
2026-09-23T21:27:10.859+05:30 DEBUG 19304 --- [food-ordering-service] [nio-8080-exec-9] org.hibernate.SQL                        : select mi1_0.id,mi1_0.available,mi1_0.category,mi1_0.description,mi1_0.name,mi1_0.price,mi1_0.restaurant_id from menu_items mi1_0 where mi1_0.id=?
2026-09-23T21:27:10.862+05:30 DEBUG 19304 --- [food-ordering-service] [nio-8080-exec-9] org.hibernate.SQL                        : select r1_0.id,r1_0.active,r1_0.city,r1_0.cuisine,r1_0.name,r1_0.prep_minutes from restaurants r1_0 where r1_0.id=?
2026-09-23T21:27:10.965+05:30 DEBUG 19304 --- [food-ordering-service] [nio-8080-exec-6] org.hibernate.SQL                        : select c1_0.id,c1_0.created_at,c1_0.default_address,c1_0.email,c1_0.full_name,c1_0.password_hash,c1_0.phone,c1_0.role_name from customers c1_0 where c1_0.email=?
2026-09-23T21:27:11.060+05:30 DEBUG 19304 --- [food-ordering-service] [nio-8080-exec-6] org.hibernate.SQL                        : select c1_0.id,c1_0.created_at,c1_0.default_address,c1_0.email,c1_0.full_name,c1_0.password_hash,c1_0.phone,c1_0.role_name from customers c1_0 where c1_0.id=?
2026-09-23T21:27:11.062+05:30 DEBUG 19304 --- [food-ordering-service] [nio-8080-exec-6] org.hibernate.SQL                        : select mi1_0.id,mi1_0.available,mi1_0.category,mi1_0.description,mi1_0.name,mi1_0.price,mi1_0.restaurant_id from menu_items mi1_0 where mi1_0.id=?
2026-09-23T21:27:11.144+05:30 DEBUG 19304 --- [food-ordering-service] [nio-8080-exec-5] org.hibernate.SQL                        : select c1_0.id,c1_0.created_at,c1_0.default_address,c1_0.email,c1_0.full_name,c1_0.password_hash,c1_0.phone,c1_0.role_name from customers c1_0 where c1_0.email=?
2026-09-23T21:27:11.372+05:30 DEBUG 19304 --- [food-ordering-service] [io-8080-exec-10] org.hibernate.SQL                        : select c1_0.id,c1_0.created_at,c1_0.default_address,c1_0.email,c1_0.full_name,c1_0.password_hash,c1_0.phone,c1_0.role_name from customers c1_0 where c1_0.email=?
2026-09-23T21:27:11.459+05:30 DEBUG 19304 --- [food-ordering-service] [io-8080-exec-10] org.hibernate.SQL                        : select fo1_0.id,fo1_0.customer_id,fo1_0.delivery_address,fo1_0.delivery_fee,fo1_0.order_code,fo1_0.placed_at,fo1_0.restaurant_id,fo1_0.status,fo1_0.subtotal,fo1_0.total_amount,fo1_0.updated_at from food_orders fo1_0 where fo1_0.id=?
2026-09-23T21:27:11.575+05:30 DEBUG 19304 --- [food-ordering-service] [nio-8080-exec-1] org.hibernate.SQL                        : select c1_0.id,c1_0.created_at,c1_0.default_address,c1_0.email,c1_0.full_name,c1_0.password_hash,c1_0.phone,c1_0.role_name from customers c1_0 where c1_0.email=?
2026-09-23T21:27:11.674+05:30 DEBUG 19304 --- [food-ordering-service] [nio-8080-exec-1] org.hibernate.SQL                        : select fo1_0.id,fo1_0.customer_id,fo1_0.delivery_address,fo1_0.delivery_fee,fo1_0.order_code,fo1_0.placed_at,fo1_0.restaurant_id,fo1_0.status,fo1_0.subtotal,fo1_0.total_amount,fo1_0.updated_at from food_orders fo1_0 where fo1_0.id=?
2026-09-23T21:27:11.804+05:30 DEBUG 19304 --- [food-ordering-service] [nio-8080-exec-3] org.hibernate.SQL                        : select c1_0.id,c1_0.created_at,c1_0.default_address,c1_0.email,c1_0.full_name,c1_0.password_hash,c1_0.phone,c1_0.role_name from customers c1_0 where c1_0.email=?
2026-09-23T21:27:11.895+05:30 DEBUG 19304 --- [food-ordering-service] [nio-8080-exec-3] org.hibernate.SQL                        : select fo1_0.id,fo1_0.customer_id,fo1_0.delivery_address,fo1_0.delivery_fee,fo1_0.order_code,fo1_0.placed_at,fo1_0.restaurant_id,fo1_0.status,fo1_0.subtotal,fo1_0.total_amount,fo1_0.updated_at from food_orders fo1_0 where fo1_0.id=?
2026-09-23T21:27:22.762+05:30 DEBUG 19304 --- [food-ordering-service] [nio-8080-exec-9] org.hibernate.SQL                        : select c1_0.id,c1_0.created_at,c1_0.default_address,c1_0.email,c1_0.full_name,c1_0.password_hash,c1_0.phone,c1_0.role_name from customers c1_0 where c1_0.email=?
2026-09-23T21:27:22.854+05:30 DEBUG 19304 --- [food-ordering-service] [nio-8080-exec-9] org.hibernate.SQL                        : select fo1_0.id,fo1_0.customer_id,fo1_0.delivery_address,fo1_0.delivery_fee,fo1_0.order_code,fo1_0.placed_at,fo1_0.restaurant_id,fo1_0.status,fo1_0.subtotal,fo1_0.total_amount,fo1_0.updated_at from food_orders fo1_0 where fo1_0.id=?
2026-09-23T21:27:22.857+05:30 DEBUG 19304 --- [food-ordering-service] [nio-8080-exec-9] org.hibernate.SQL                        : select i1_0.order_id,i1_0.id,i1_0.item_name,i1_0.line_total,i1_0.menu_item_id,i1_0.quantity,i1_0.unit_price from order_items i1_0 where i1_0.order_id=?
2026-09-23T21:27:22.859+05:30 DEBUG 19304 --- [food-ordering-service] [nio-8080-exec-9] org.hibernate.SQL                        : select r1_0.id,r1_0.active,r1_0.city,r1_0.cuisine,r1_0.name,r1_0.prep_minutes from restaurants r1_0 where r1_0.id=?
