
  .   ____          _            __ _ _
 /\\ / ___'_ __ _ _(_)_ __  __ _ \ \ \ \
( ( )\___ | '_ | '_| | '_ \/ _` | \ \ \ \
 \\/  ___)| |_)| | | | | || (_| |  ) ) ) )
  '  |____| .__|_| |_|_| |_\__, | / / / /
 =========|_|==============|___/=/_/_/_/

 :: Spring Boot ::                (v3.3.5)

2026-09-23T20:57:01.407+05:30  INFO 14884 --- [clinic-appointment-service] [           main] c.harbourview.clinic.ClinicApplication   : Starting ClinicApplication v4.0.3 using Java 22.0.2 with PID 14884 (D:\New folder\realistic projects bugs codes\04-hospital-appointments\target\clinic-appointment-service-4.0.3.jar started by P.Abhiram in D:\New folder\realistic projects bugs codes\04-hospital-appointments)
2026-09-23T20:57:01.409+05:30 DEBUG 14884 --- [clinic-appointment-service] [           main] c.harbourview.clinic.ClinicApplication   : Running with Spring Boot v3.3.5, Spring v6.1.14
2026-09-23T20:57:01.409+05:30  INFO 14884 --- [clinic-appointment-service] [           main] c.harbourview.clinic.ClinicApplication   : The following 1 profile is active: "local"
2026-09-23T20:57:03.391+05:30  INFO 14884 --- [clinic-appointment-service] [           main] .s.d.r.c.RepositoryConfigurationDelegate : Bootstrapping Spring Data JPA repositories in DEFAULT mode.
2026-09-23T20:57:03.621+05:30  INFO 14884 --- [clinic-appointment-service] [           main] .s.d.r.c.RepositoryConfigurationDelegate : Finished Spring Data repository scanning in 200 ms. Found 5 JPA repository interfaces.
2026-09-23T20:57:07.688+05:30  INFO 14884 --- [clinic-appointment-service] [           main] o.s.b.w.embedded.tomcat.TomcatWebServer  : Tomcat initialized with port 8080 (http)
2026-09-23T20:57:07.719+05:30  INFO 14884 --- [clinic-appointment-service] [           main] o.apache.catalina.core.StandardService   : Starting service [Tomcat]
2026-09-23T20:57:07.719+05:30  INFO 14884 --- [clinic-appointment-service] [           main] o.apache.catalina.core.StandardEngine    : Starting Servlet engine: [Apache Tomcat/10.1.31]
2026-09-23T20:57:07.909+05:30  INFO 14884 --- [clinic-appointment-service] [           main] o.a.c.c.C.[Tomcat].[localhost].[/]       : Initializing Spring embedded WebApplicationContext
2026-09-23T20:57:07.913+05:30  INFO 14884 --- [clinic-appointment-service] [           main] w.s.c.ServletWebServerApplicationContext : Root WebApplicationContext: initialization completed in 6428 ms
2026-09-23T20:57:09.675+05:30  INFO 14884 --- [clinic-appointment-service] [           main] com.zaxxer.hikari.HikariDataSource       : clinic-pool - Starting...
2026-09-23T20:57:10.272+05:30  INFO 14884 --- [clinic-appointment-service] [           main] com.zaxxer.hikari.pool.HikariPool        : clinic-pool - Added connection com.mysql.cj.jdbc.ConnectionImpl@2bc16fe2
2026-09-23T20:57:10.278+05:30  INFO 14884 --- [clinic-appointment-service] [           main] com.zaxxer.hikari.HikariDataSource       : clinic-pool - Start completed.
2026-09-23T20:57:11.436+05:30  INFO 14884 --- [clinic-appointment-service] [           main] o.hibernate.jpa.internal.util.LogHelper  : HHH000204: Processing PersistenceUnitInfo [name: default]
2026-09-23T20:57:11.585+05:30  INFO 14884 --- [clinic-appointment-service] [           main] org.hibernate.Version                    : HHH000412: Hibernate ORM core version 6.5.3.Final
2026-09-23T20:57:11.665+05:30  INFO 14884 --- [clinic-appointment-service] [           main] o.h.c.internal.RegionFactoryInitiator    : HHH000026: Second-level cache disabled
2026-09-23T20:57:12.329+05:30  INFO 14884 --- [clinic-appointment-service] [           main] o.s.o.j.p.SpringPersistenceUnitInfo      : No LoadTimeWeaver setup: ignoring JPA class transformer
2026-09-23T20:57:14.525+05:30  INFO 14884 --- [clinic-appointment-service] [           main] o.h.e.t.j.p.i.JtaPlatformInitiator       : HHH000489: No JTA platform available (set 'hibernate.transaction.jta.platform' to enable JTA platform integration)
2026-09-23T20:57:14.532+05:30  INFO 14884 --- [clinic-appointment-service] [           main] j.LocalContainerEntityManagerFactoryBean : Initialized JPA EntityManagerFactory for persistence unit 'default'
2026-09-23T20:57:16.510+05:30  INFO 14884 --- [clinic-appointment-service] [           main] r$InitializeUserDetailsManagerConfigurer : Global AuthenticationManager configured with UserDetailsService bean with name clinicUserDetailsService
2026-09-23T20:57:18.268+05:30  INFO 14884 --- [clinic-appointment-service] [           main] o.s.b.a.e.web.EndpointLinksResolver      : Exposing 2 endpoints beneath base path '/actuator'
2026-09-23T20:57:20.027+05:30  INFO 14884 --- [clinic-appointment-service] [           main] o.s.b.w.embedded.tomcat.TomcatWebServer  : Tomcat started on port 8080 (http) with context path '/'
2026-09-23T20:57:20.081+05:30  INFO 14884 --- [clinic-appointment-service] [           main] c.harbourview.clinic.ClinicApplication   : Started ClinicApplication in 19.385 seconds (process running for 20.15)
2026-09-23T20:57:20.187+05:30  INFO 14884 --- [clinic-appointment-service] [nio-8080-exec-1] o.a.c.c.C.[Tomcat].[localhost].[/]       : Initializing Spring DispatcherServlet 'dispatcherServlet'
2026-09-23T20:57:20.187+05:30  INFO 14884 --- [clinic-appointment-service] [nio-8080-exec-1] o.s.web.servlet.DispatcherServlet        : Initializing Servlet 'dispatcherServlet'
2026-09-23T20:57:20.191+05:30  INFO 14884 --- [clinic-appointment-service] [nio-8080-exec-1] o.s.web.servlet.DispatcherServlet        : Completed initialization in 2 ms
2026-09-23T20:57:21.165+05:30 DEBUG 14884 --- [clinic-appointment-service] [nio-8080-exec-2] org.hibernate.SQL                        : select au1_0.id,au1_0.doctor_id,au1_0.enabled,au1_0.password_hash,au1_0.patient_id,au1_0.role_name,au1_0.username from users au1_0 where au1_0.username=?
2026-09-23T20:57:21.388+05:30 DEBUG 14884 --- [clinic-appointment-service] [nio-8080-exec-2] org.hibernate.SQL                        : select a1_0.id,a1_0.cancellation_reason,a1_0.created_at,a1_0.doctor_id,a1_0.end_time,a1_0.patient_id,a1_0.reason,a1_0.reference,a1_0.start_time,a1_0.status,a1_0.updated_at from appointments a1_0 where a1_0.doctor_id=? and a1_0.start_time between ? and ? order by a1_0.start_time
2026-09-23T20:57:21.422+05:30 DEBUG 14884 --- [clinic-appointment-service] [nio-8080-exec-2] org.hibernate.SQL                        : select d1_0.id,d1_0.active,d1_0.code,d1_0.consultation_minutes,d1_0.email,d1_0.full_name,d1_0.specialty from doctors d1_0 where d1_0.id=?
2026-09-23T20:57:21.430+05:30 DEBUG 14884 --- [clinic-appointment-service] [nio-8080-exec-2] org.hibernate.SQL                        : select p1_0.id,p1_0.created_at,p1_0.date_of_birth,p1_0.email,p1_0.full_name,p1_0.mrn,p1_0.phone from patients p1_0 where p1_0.id=?
2026-09-23T20:57:36.213+05:30 DEBUG 14884 --- [clinic-appointment-service] [nio-8080-exec-4] org.hibernate.SQL                        : select au1_0.id,au1_0.doctor_id,au1_0.enabled,au1_0.password_hash,au1_0.patient_id,au1_0.role_name,au1_0.username from users au1_0 where au1_0.username=?
2026-09-23T20:57:36.357+05:30 DEBUG 14884 --- [clinic-appointment-service] [nio-8080-exec-4] org.hibernate.SQL                        : select d1_0.id,d1_0.active,d1_0.code,d1_0.consultation_minutes,d1_0.email,d1_0.full_name,d1_0.specialty from doctors d1_0 where d1_0.id=?
2026-09-23T20:57:36.370+05:30 DEBUG 14884 --- [clinic-appointment-service] [nio-8080-exec-4] org.hibernate.SQL                        : select ds1_0.id,ds1_0.active,ds1_0.day_of_week,ds1_0.doctor_id,ds1_0.end_time,ds1_0.slot_minutes,ds1_0.start_time from doctor_schedules ds1_0 where ds1_0.doctor_id=? and ds1_0.day_of_week=? and ds1_0.active
2026-09-23T20:57:36.382+05:30 DEBUG 14884 --- [clinic-appointment-service] [nio-8080-exec-4] org.hibernate.SQL                        : select a1_0.id,a1_0.cancellation_reason,a1_0.created_at,a1_0.doctor_id,a1_0.end_time,a1_0.patient_id,a1_0.reason,a1_0.reference,a1_0.start_time,a1_0.status,a1_0.updated_at from appointments a1_0 where a1_0.doctor_id=? and a1_0.status=? and a1_0.start_time between ? and ?
2026-09-23T20:57:36.389+05:30 DEBUG 14884 --- [clinic-appointment-service] [nio-8080-exec-4] c.h.clinic.service.ScheduleService       : Generated 7 slot(s) for doctor 1 on 2026-09-26
2026-09-23T20:57:36.579+05:30 DEBUG 14884 --- [clinic-appointment-service] [nio-8080-exec-6] org.hibernate.SQL                        : select au1_0.id,au1_0.doctor_id,au1_0.enabled,au1_0.password_hash,au1_0.patient_id,au1_0.role_name,au1_0.username from users au1_0 where au1_0.username=?
2026-09-23T20:57:36.904+05:30 DEBUG 14884 --- [clinic-appointment-service] [nio-8080-exec-6] org.hibernate.SQL                        : select d1_0.id,d1_0.active,d1_0.code,d1_0.consultation_minutes,d1_0.email,d1_0.full_name,d1_0.specialty from doctors d1_0 where d1_0.id=?
2026-09-23T20:57:36.912+05:30 DEBUG 14884 --- [clinic-appointment-service] [nio-8080-exec-6] org.hibernate.SQL                        : select p1_0.id,p1_0.created_at,p1_0.date_of_birth,p1_0.email,p1_0.full_name,p1_0.mrn,p1_0.phone from patients p1_0 where p1_0.id=?
2026-09-23T20:57:36.939+05:30 DEBUG 14884 --- [clinic-appointment-service] [nio-8080-exec-6] org.hibernate.SQL                        : select a1_0.id,a1_0.cancellation_reason,a1_0.created_at,a1_0.doctor_id,a1_0.end_time,a1_0.patient_id,a1_0.reason,a1_0.reference,a1_0.start_time,a1_0.status,a1_0.updated_at from appointments a1_0 where a1_0.doctor_id=? and a1_0.status=? and a1_0.start_time between ? and ?
2026-09-23T20:57:36.950+05:30 DEBUG 14884 --- [clinic-appointment-service] [nio-8080-exec-6] org.hibernate.SQL                        : select a1_0.id from appointments a1_0 where a1_0.reference=? limit ?
2026-09-23T20:57:36.989+05:30 DEBUG 14884 --- [clinic-appointment-service] [nio-8080-exec-6] org.hibernate.SQL                        : insert into appointments (cancellation_reason,created_at,doctor_id,end_time,patient_id,reason,reference,start_time,status,updated_at) values (?,?,?,?,?,?,?,?,?,?)
2026-09-23T20:57:37.020+05:30  INFO 14884 --- [clinic-appointment-service] [nio-8080-exec-6] c.h.clinic.service.AppointmentService    : Booked APT-20260926-6651 for patient MRN-100241 with doctor DOC-0102 at 2026-09-26T14:00
2026-09-23T20:57:37.173+05:30 DEBUG 14884 --- [clinic-appointment-service] [nio-8080-exec-8] org.hibernate.SQL                        : select au1_0.id,au1_0.doctor_id,au1_0.enabled,au1_0.password_hash,au1_0.patient_id,au1_0.role_name,au1_0.username from users au1_0 where au1_0.username=?
2026-09-23T20:57:37.296+05:30 DEBUG 14884 --- [clinic-appointment-service] [nio-8080-exec-8] org.hibernate.SQL                        : select d1_0.id,d1_0.active,d1_0.code,d1_0.consultation_minutes,d1_0.email,d1_0.full_name,d1_0.specialty from doctors d1_0 where d1_0.id=?
2026-09-23T20:57:37.302+05:30 DEBUG 14884 --- [clinic-appointment-service] [nio-8080-exec-8] org.hibernate.SQL                        : select p1_0.id,p1_0.created_at,p1_0.date_of_birth,p1_0.email,p1_0.full_name,p1_0.mrn,p1_0.phone from patients p1_0 where p1_0.id=?
2026-09-23T20:57:37.312+05:30 DEBUG 14884 --- [clinic-appointment-service] [nio-8080-exec-8] org.hibernate.SQL                        : select a1_0.id,a1_0.cancellation_reason,a1_0.created_at,a1_0.doctor_id,a1_0.end_time,a1_0.patient_id,a1_0.reason,a1_0.reference,a1_0.start_time,a1_0.status,a1_0.updated_at from appointments a1_0 where a1_0.doctor_id=? and a1_0.status=? and a1_0.start_time between ? and ?
2026-09-23T20:57:37.320+05:30 DEBUG 14884 --- [clinic-appointment-service] [nio-8080-exec-8] org.hibernate.SQL                        : select a1_0.id from appointments a1_0 where a1_0.reference=? limit ?
2026-09-23T20:57:37.327+05:30 DEBUG 14884 --- [clinic-appointment-service] [nio-8080-exec-8] org.hibernate.SQL                        : insert into appointments (cancellation_reason,created_at,doctor_id,end_time,patient_id,reason,reference,start_time,status,updated_at) values (?,?,?,?,?,?,?,?,?,?)
2026-09-23T20:57:37.336+05:30  INFO 14884 --- [clinic-appointment-service] [nio-8080-exec-8] c.h.clinic.service.AppointmentService    : Booked APT-20260926-4429 for patient MRN-100241 with doctor DOC-0102 at 2026-09-26T14:20
